Interpreter: /home/ts/wt/openhcs-generated-inputs-installed-parent-20261001/.venv/bin/python 3.12.3 (main, May 22 2025, 14:39:13) [GCC 14.2.1 20250207]
Discovery owner: /home/ts/wt/metaclass-registry-selected-discovery-376-20261001/src/metaclass_registry/__init__.py
FFFFFFFFFF                                                               [100%]
=================================== FAILURES ===================================
_____________ test_non_rgb_carrier_reopens_with_native_yx[1--1-1] ______________
tests/unit/test_napari_source_channel_presentation_448.py:66: in test_non_rgb_carrier_reopens_with_native_yx
    server, items, originals = _display(channels, channel_axis, site_count)
tests/unit/test_napari_source_channel_presentation_448.py:55: in _display
    NapariImageLayerDisplayHandler().handle(NapariLayerDisplayRequest(
openhcs/runtime/napari_viewer_server.py:1837: in handle
    layer_kwargs = NapariImageLayerPresentationPolicy.layer_kwargs(
openhcs/runtime/napari_streaming_handlers.py:869: in layer_kwargs
    if cls.is_rgb(image_data, image_metadata):
openhcs/runtime/napari_streaming_handlers.py:891: in is_rgb
    raise ValueError(
E   ValueError: Napari RGB payload requires three or four values on its declared source channel axis; got shape (8, 8, 1).
_____________ test_non_rgb_carrier_reopens_with_native_yx[1--1-2] ______________
tests/unit/test_napari_source_channel_presentation_448.py:66: in test_non_rgb_carrier_reopens_with_native_yx
    server, items, originals = _display(channels, channel_axis, site_count)
tests/unit/test_napari_source_channel_presentation_448.py:55: in _display
    NapariImageLayerDisplayHandler().handle(NapariLayerDisplayRequest(
openhcs/runtime/napari_viewer_server.py:1837: in handle
    layer_kwargs = NapariImageLayerPresentationPolicy.layer_kwargs(
openhcs/runtime/napari_streaming_handlers.py:869: in layer_kwargs
    if cls.is_rgb(image_data, image_metadata):
openhcs/runtime/napari_streaming_handlers.py:891: in is_rgb
    raise ValueError(
E   ValueError: Napari RGB payload requires three or four values on its declared source channel axis; got shape (8, 8, 2).
_____________ test_non_rgb_carrier_reopens_with_native_yx[1--1-5] ______________
tests/unit/test_napari_source_channel_presentation_448.py:66: in test_non_rgb_carrier_reopens_with_native_yx
    server, items, originals = _display(channels, channel_axis, site_count)
tests/unit/test_napari_source_channel_presentation_448.py:55: in _display
    NapariImageLayerDisplayHandler().handle(NapariLayerDisplayRequest(
openhcs/runtime/napari_viewer_server.py:1837: in handle
    layer_kwargs = NapariImageLayerPresentationPolicy.layer_kwargs(
openhcs/runtime/napari_streaming_handlers.py:869: in layer_kwargs
    if cls.is_rgb(image_data, image_metadata):
openhcs/runtime/napari_streaming_handlers.py:891: in is_rgb
    raise ValueError(
E   ValueError: Napari RGB payload requires three or four values on its declared source channel axis; got shape (8, 8, 5).
______________ test_non_rgb_carrier_reopens_with_native_yx[1-0-1] ______________
tests/unit/test_napari_source_channel_presentation_448.py:66: in test_non_rgb_carrier_reopens_with_native_yx
    server, items, originals = _display(channels, channel_axis, site_count)
tests/unit/test_napari_source_channel_presentation_448.py:55: in _display
    NapariImageLayerDisplayHandler().handle(NapariLayerDisplayRequest(
openhcs/runtime/napari_viewer_server.py:1837: in handle
    layer_kwargs = NapariImageLayerPresentationPolicy.layer_kwargs(
openhcs/runtime/napari_streaming_handlers.py:869: in layer_kwargs
    if cls.is_rgb(image_data, image_metadata):
openhcs/runtime/napari_streaming_handlers.py:886: in is_rgb
    raise ValueError(
E   ValueError: Napari RGB payload requires its declared source channel axis to be last; got axis 0 for shape (1, 8, 8).
______________ test_non_rgb_carrier_reopens_with_native_yx[1-0-2] ______________
tests/unit/test_napari_source_channel_presentation_448.py:66: in test_non_rgb_carrier_reopens_with_native_yx
    server, items, originals = _display(channels, channel_axis, site_count)
tests/unit/test_napari_source_channel_presentation_448.py:55: in _display
    NapariImageLayerDisplayHandler().handle(NapariLayerDisplayRequest(
openhcs/runtime/napari_viewer_server.py:1837: in handle
    layer_kwargs = NapariImageLayerPresentationPolicy.layer_kwargs(
openhcs/runtime/napari_streaming_handlers.py:869: in layer_kwargs
    if cls.is_rgb(image_data, image_metadata):
openhcs/runtime/napari_streaming_handlers.py:886: in is_rgb
    raise ValueError(
E   ValueError: Napari RGB payload requires its declared source channel axis to be last; got axis 0 for shape (2, 8, 8).
______________ test_non_rgb_carrier_reopens_with_native_yx[1-0-5] ______________
tests/unit/test_napari_source_channel_presentation_448.py:66: in test_non_rgb_carrier_reopens_with_native_yx
    server, items, originals = _display(channels, channel_axis, site_count)
tests/unit/test_napari_source_channel_presentation_448.py:55: in _display
    NapariImageLayerDisplayHandler().handle(NapariLayerDisplayRequest(
openhcs/runtime/napari_viewer_server.py:1837: in handle
    layer_kwargs = NapariImageLayerPresentationPolicy.layer_kwargs(
openhcs/runtime/napari_streaming_handlers.py:869: in layer_kwargs
    if cls.is_rgb(image_data, image_metadata):
openhcs/runtime/napari_streaming_handlers.py:886: in is_rgb
    raise ValueError(
E   ValueError: Napari RGB payload requires its declared source channel axis to be last; got axis 0 for shape (5, 8, 8).
_____________ test_non_rgb_carrier_reopens_with_native_yx[2--1-1] ______________
tests/unit/test_napari_source_channel_presentation_448.py:66: in test_non_rgb_carrier_reopens_with_native_yx
    server, items, originals = _display(channels, channel_axis, site_count)
tests/unit/test_napari_source_channel_presentation_448.py:55: in _display
    NapariImageLayerDisplayHandler().handle(NapariLayerDisplayRequest(
openhcs/runtime/napari_viewer_server.py:1837: in handle
    layer_kwargs = NapariImageLayerPresentationPolicy.layer_kwargs(
openhcs/runtime/napari_streaming_handlers.py:869: in layer_kwargs
    if cls.is_rgb(image_data, image_metadata):
openhcs/runtime/napari_streaming_handlers.py:891: in is_rgb
    raise ValueError(
E   ValueError: Napari RGB payload requires three or four values on its declared source channel axis; got shape (8, 8, 1).
_____________ test_non_rgb_carrier_reopens_with_native_yx[2--1-2] ______________
tests/unit/test_napari_source_channel_presentation_448.py:66: in test_non_rgb_carrier_reopens_with_native_yx
    server, items, originals = _display(channels, channel_axis, site_count)
tests/unit/test_napari_source_channel_presentation_448.py:55: in _display
    NapariImageLayerDisplayHandler().handle(NapariLayerDisplayRequest(
openhcs/runtime/napari_viewer_server.py:1837: in handle
    layer_kwargs = NapariImageLayerPresentationPolicy.layer_kwargs(
openhcs/runtime/napari_streaming_handlers.py:869: in layer_kwargs
    if cls.is_rgb(image_data, image_metadata):
openhcs/runtime/napari_streaming_handlers.py:891: in is_rgb
    raise ValueError(
E   ValueError: Napari RGB payload requires three or four values on its declared source channel axis; got shape (8, 8, 2).
_____________ test_non_rgb_carrier_reopens_with_native_yx[2--1-5] ______________
tests/unit/test_napari_source_channel_presentation_448.py:66: in test_non_rgb_carrier_reopens_with_native_yx
    server, items, originals = _display(channels, channel_axis, site_count)
tests/unit/test_napari_source_channel_presentation_448.py:55: in _display
    NapariImageLayerDisplayHandler().handle(NapariLayerDisplayRequest(
openhcs/runtime/napari_viewer_server.py:1837: in handle
    layer_kwargs = NapariImageLayerPresentationPolicy.layer_kwargs(
openhcs/runtime/napari_streaming_handlers.py:869: in layer_kwargs
    if cls.is_rgb(image_data, image_metadata):
openhcs/runtime/napari_streaming_handlers.py:891: in is_rgb
    raise ValueError(
E   ValueError: Napari RGB payload requires three or four values on its declared source channel axis; got shape (8, 8, 5).
______________ test_non_rgb_carrier_reopens_with_native_yx[2-0-1] ______________
tests/unit/test_napari_source_channel_presentation_448.py:66: in test_non_rgb_carrier_reopens_with_native_yx
    server, items, originals = _display(channels, channel_axis, site_count)
tests/unit/test_napari_source_channel_presentation_448.py:55: in _display
    NapariImageLayerDisplayHandler().handle(NapariLayerDisplayRequest(
openhcs/runtime/napari_viewer_server.py:1837: in handle
    layer_kwargs = NapariImageLayerPresentationPolicy.layer_kwargs(
openhcs/runtime/napari_streaming_handlers.py:869: in layer_kwargs
    if cls.is_rgb(image_data, image_metadata):
openhcs/runtime/napari_streaming_handlers.py:886: in is_rgb
    raise ValueError(
E   ValueError: Napari RGB payload requires its declared source channel axis to be last; got axis 0 for shape (1, 8, 8).
=============================== warnings summary ===============================
../../code/projects/openhcs/.venv/lib/python3.12/site-packages/_pytest/config/__init__.py:1441
  /home/ts/code/projects/openhcs/.venv/lib/python3.12/site-packages/_pytest/config/__init__.py:1441: PytestConfigWarning: Unknown config option: asyncio_default_fixture_loop_scope
  
    self._warn_or_fail_if_strict(f"Unknown config option: {key}\n")

../../code/projects/openhcs/.venv/lib/python3.12/site-packages/_pytest/config/__init__.py:1441
  /home/ts/code/projects/openhcs/.venv/lib/python3.12/site-packages/_pytest/config/__init__.py:1441: PytestConfigWarning: Unknown config option: asyncio_mode
  
    self._warn_or_fail_if_strict(f"Unknown config option: {key}\n")

-- Docs: https://docs.pytest.org/en/stable/how-to/capture-warnings.html
=========================== short test summary info ============================
FAILED tests/unit/test_napari_source_channel_presentation_448.py::test_non_rgb_carrier_reopens_with_native_yx[1--1-1]
FAILED tests/unit/test_napari_source_channel_presentation_448.py::test_non_rgb_carrier_reopens_with_native_yx[1--1-2]
FAILED tests/unit/test_napari_source_channel_presentation_448.py::test_non_rgb_carrier_reopens_with_native_yx[1--1-5]
FAILED tests/unit/test_napari_source_channel_presentation_448.py::test_non_rgb_carrier_reopens_with_native_yx[1-0-1]
FAILED tests/unit/test_napari_source_channel_presentation_448.py::test_non_rgb_carrier_reopens_with_native_yx[1-0-2]
FAILED tests/unit/test_napari_source_channel_presentation_448.py::test_non_rgb_carrier_reopens_with_native_yx[1-0-5]
FAILED tests/unit/test_napari_source_channel_presentation_448.py::test_non_rgb_carrier_reopens_with_native_yx[2--1-1]
FAILED tests/unit/test_napari_source_channel_presentation_448.py::test_non_rgb_carrier_reopens_with_native_yx[2--1-2]
FAILED tests/unit/test_napari_source_channel_presentation_448.py::test_non_rgb_carrier_reopens_with_native_yx[2--1-5]
FAILED tests/unit/test_napari_source_channel_presentation_448.py::test_non_rgb_carrier_reopens_with_native_yx[2-0-1]
10 failed, 7 deselected, 2 warnings in 8.60s
Command exited with non-zero status 1
	Command being timed: "/home/ts/wt/openhcs-generated-inputs-installed-parent-20261001/.venv/bin/python docs/validation/knowledge-selected-source-tests.py --basetemp=/home/ts/.cache/agent-scratch/napari-source-channel-448-20261002/pytest tests/unit/test_napari_source_channel_presentation_448.py -k non_rgb and 1 -q --tb=short"
	User time (seconds): 8.89
	System time (seconds): 0.70
	Percent of CPU this job got: 99%
	Elapsed (wall clock) time (h:mm:ss or m:ss): 0:09.66
	Average shared text size (kbytes): 0
	Average unshared data size (kbytes): 0
	Average stack size (kbytes): 0
	Average total size (kbytes): 0
	Maximum resident set size (kbytes): 509720
	Average resident set size (kbytes): 0
	Major (requiring I/O) page faults: 0
	Minor (reclaiming a frame) page faults: 132570
	Voluntary context switches: 193
	Involuntary context switches: 255
	Swaps: 0
	File system inputs: 0
	File system outputs: 2728
	Socket messages sent: 0
	Socket messages received: 0
	Signals delivered: 0
	Page size (bytes): 4096
	Exit status: 1
