Interpreter: /home/ts/wt/openhcs-generated-inputs-installed-parent-20261001/.venv/bin/python 3.12.3 (main, May 22 2025, 14:39:13) [GCC 14.2.1 20250207]
Discovery owner: /home/ts/wt/metaclass-registry-selected-discovery-376-20261001/src/metaclass_registry/__init__.py
..........                                                               [100%]
=============================== warnings summary ===============================
../../code/projects/openhcs/.venv/lib/python3.12/site-packages/_pytest/config/__init__.py:1441
  /home/ts/code/projects/openhcs/.venv/lib/python3.12/site-packages/_pytest/config/__init__.py:1441: PytestConfigWarning: Unknown config option: asyncio_default_fixture_loop_scope
  
    self._warn_or_fail_if_strict(f"Unknown config option: {key}\n")

../../code/projects/openhcs/.venv/lib/python3.12/site-packages/_pytest/config/__init__.py:1441
  /home/ts/code/projects/openhcs/.venv/lib/python3.12/site-packages/_pytest/config/__init__.py:1441: PytestConfigWarning: Unknown config option: asyncio_mode
  
    self._warn_or_fail_if_strict(f"Unknown config option: {key}\n")

-- Docs: https://docs.pytest.org/en/stable/how-to/capture-warnings.html
10 passed, 138 deselected, 2 warnings in 6.83s
	Command being timed: "/home/ts/wt/openhcs-generated-inputs-installed-parent-20261001/.venv/bin/python docs/validation/knowledge-selected-source-tests.py --basetemp=/home/ts/.cache/agent-scratch/napari-source-channel-448-20261002/pytest tests/unit/test_napari_streaming_handlers.py -k image_display or layer_update_authority or image_presentation or unbound_payload_local -q --tb=short"
	User time (seconds): 7.18
	System time (seconds): 0.59
	Percent of CPU this job got: 98%
	Elapsed (wall clock) time (h:mm:ss or m:ss): 0:07.87
	Average shared text size (kbytes): 0
	Average unshared data size (kbytes): 0
	Average stack size (kbytes): 0
	Average total size (kbytes): 0
	Maximum resident set size (kbytes): 471604
	Average resident set size (kbytes): 0
	Major (requiring I/O) page faults: 43
	Minor (reclaiming a frame) page faults: 103156
	Voluntary context switches: 299
	Involuntary context switches: 247
	Swaps: 0
	File system inputs: 3832
	File system outputs: 2712
	Socket messages sent: 0
	Socket messages received: 0
	Signals delivered: 0
	Page size (bytes): 4096
	Exit status: 0
