[cache] index loaded from '/tmp/openhcs-registry-kernel-prewarm-production-20260929-c2/cellprofiler_66969d4684734de7ac3dc252d68cbb6169ec6252/shape._distance_to_label_edge_numba-2034.py312.nbi'
[cache] data loaded from '/tmp/openhcs-registry-kernel-prewarm-production-20260929-c2/cellprofiler_66969d4684734de7ac3dc252d68cbb6169ec6252/shape._distance_to_label_edge_numba-2034.py312.1.nbc'
[cache] index loaded from '/tmp/openhcs-registry-kernel-prewarm-production-20260929-c2/cellprofiler_66969d4684734de7ac3dc252d68cbb6169ec6252/label_geometry._numpy124_aquicksort_indices_numba-424.py312.nbi'
[cache] data loaded from '/tmp/openhcs-registry-kernel-prewarm-production-20260929-c2/cellprofiler_66969d4684734de7ac3dc252d68cbb6169ec6252/label_geometry._numpy124_aquicksort_indices_numba-424.py312.1.nbc'
[cache] index loaded from '/tmp/openhcs-registry-kernel-prewarm-production-20260929-c2/cellprofiler_66969d4684734de7ac3dc252d68cbb6169ec6252/intensity_distribution._radial_unobstructed_center_fields-1094.py312.nbi'
[cache] data loaded from '/tmp/openhcs-registry-kernel-prewarm-production-20260929-c2/cellprofiler_66969d4684734de7ac3dc252d68cbb6169ec6252/intensity_distribution._radial_unobstructed_center_fields-1094.py312.1.nbc'
[cache] index loaded from '/tmp/openhcs-registry-kernel-prewarm-production-20260929-c2/cellprofiler_66969d4684734de7ac3dc252d68cbb6169ec6252/intensity_distribution._accumulate_radial_distribution_numba-2336.py312.nbi'
[cache] data loaded from '/tmp/openhcs-registry-kernel-prewarm-production-20260929-c2/cellprofiler_66969d4684734de7ac3dc252d68cbb6169ec6252/intensity_distribution._accumulate_radial_distribution_numba-2336.py312.1.nbc'
[cache] index loaded from '/tmp/openhcs-registry-kernel-prewarm-production-20260929-c2/cellprofiler_66969d4684734de7ac3dc252d68cbb6169ec6252/intensity_distribution._radial_distribution_arrays_from_bin_totals_numba-2388.py312.nbi'
[cache] data loaded from '/tmp/openhcs-registry-kernel-prewarm-production-20260929-c2/cellprofiler_66969d4684734de7ac3dc252d68cbb6169ec6252/intensity_distribution._radial_distribution_arrays_from_bin_totals_numba-2388.py312.1.nbc'
[cache] index loaded from '/tmp/openhcs-registry-kernel-prewarm-production-20260929-c2/cellprofiler_66969d4684734de7ac3dc252d68cbb6169ec6252/intensity_distribution._radial_distribution_geometry_index_numba-2203.py312.nbi'
[cache] data loaded from '/tmp/openhcs-registry-kernel-prewarm-production-20260929-c2/cellprofiler_66969d4684734de7ac3dc252d68cbb6169ec6252/intensity_distribution._radial_distribution_geometry_index_numba-2203.py312.1.nbc'
[cache] index loaded from '/tmp/openhcs-registry-kernel-prewarm-production-20260929-c2/cellprofiler_66969d4684734de7ac3dc252d68cbb6169ec6252/intensity_distribution._accumulate_radial_distribution_from_geometry_index_numba-2309.py312.nbi'
[cache] data loaded from '/tmp/openhcs-registry-kernel-prewarm-production-20260929-c2/cellprofiler_66969d4684734de7ac3dc252d68cbb6169ec6252/intensity_distribution._accumulate_radial_distribution_from_geometry_index_numba-2309.py312.1.nbc'
[cache] index loaded from '/tmp/openhcs-registry-kernel-prewarm-production-20260929-c2/cellprofiler_66969d4684734de7ac3dc252d68cbb6169ec6252/intensity_distribution._accumulate_radial_distribution_numba-2336.py312.nbi'
[cache] data loaded from '/tmp/openhcs-registry-kernel-prewarm-production-20260929-c2/cellprofiler_66969d4684734de7ac3dc252d68cbb6169ec6252/intensity_distribution._accumulate_radial_distribution_numba-2336.py312.2.nbc'
[cache] index loaded from '/tmp/openhcs-registry-kernel-prewarm-production-20260929-c2/cellprofiler_66969d4684734de7ac3dc252d68cbb6169ec6252/intensity_distribution._radial_distribution_arrays_from_bin_totals_numba-2388.py312.nbi'
[cache] data loaded from '/tmp/openhcs-registry-kernel-prewarm-production-20260929-c2/cellprofiler_66969d4684734de7ac3dc252d68cbb6169ec6252/intensity_distribution._radial_distribution_arrays_from_bin_totals_numba-2388.py312.2.nbc'
[cache] index loaded from '/tmp/openhcs-registry-kernel-prewarm-production-20260929-c2/cellprofiler_66969d4684734de7ac3dc252d68cbb6169ec6252/intensity_distribution._accumulate_radial_distribution_from_geometry_index_numba-2309.py312.nbi'
[cache] data loaded from '/tmp/openhcs-registry-kernel-prewarm-production-20260929-c2/cellprofiler_66969d4684734de7ac3dc252d68cbb6169ec6252/intensity_distribution._accumulate_radial_distribution_from_geometry_index_numba-2309.py312.2.nbc'
