Running as unit: run-p825374-i13435855.scope; invocation ID: 37d59bea3a5241e2afd366827a52bf6a
source root: /home/ts/wt/openhcs-cp-aligned-materialization-20261001
native artifact: /home/ts/wt/openhcs-s1-installed-parent-20261001/.venv/lib/python3.12/site-packages/openhcs/core/_tabular_native.abi3.so
FFFFFFFFFFF.FF.......................................................... [ 65%]
......................................                                   [100%]
=================================== FAILURES ===================================
______ test_real_rescale_full_stack_materializes_composed_runtime_sources ______

    def test_real_rescale_full_stack_materializes_composed_runtime_sources():
        data = np.arange(24, dtype=np.float32).reshape(2, 3, 4)
        source = ImagePayloadMetadata(
            plane_axis=RuntimePlaneAxis.RUNTIME_SLICE
        ).payload_with(data, None)
        composition = compose_aligned_image_payload(
            "synthetic source inputs", (source, source)
        )
        assert isinstance(composition.payload, AlignedImageStack)
        contract = CallableContract.from_callable(rescale_intensity)
>       result = CellProfilerFunctionContractExecutor().execute(
            contract,
            contract.resolve_canonical_raw_callable(),
            composition.payload,
            {},
            execution_mode=contract.runtime_image_execution_mode,
        )

tests/unit/test_cellprofiler_full_stack_materialization.py:47: 
_ _ _ _ _ _ _ _ _ _ _ _ _ _ _ _ _ _ _ _ _ _ _ _ _ _ _ _ _ _ _ _ _ _ _ _ _ _ _ _ 
openhcs/interop/cellprofiler/runtime/function_contract_execution.py:148: in execute
    result = executor.execute_pure_3d(
openhcs/interop/cellprofiler/runtime/function_contract_execution.py:308: in execute_pure_3d
    projected_image = RuntimeSliceProjection.full_stack_value(image)
openhcs/core/runtime_slice_projection.py:898: in full_stack_value
    ).full_stack_value(value)
openhcs/core/runtime_slice_projection.py:514: in full_stack_value
    return cast(AlignedImageStack, value).compose()
openhcs/core/aligned_image_payload.py:441: in compose
    return metadata.payload_with(composed, self.compose_mask(composed, metadata))
_ _ _ _ _ _ _ _ _ _ _ _ _ _ _ _ _ _ _ _ _ _ _ _ _ _ _ _ _ _ _ _ _ _ _ _ _ _ _ _ 

self = AlignedImageStack(slices=(ImageMetadataPayload(data=array([[[ 0.,  1.,  2.,  3.],
        [ 4.,  5.,  6.,  7.],
      ...r=None, source_channel_axis=None, plane_axis=<RuntimePlaneAxis.SOURCE_BINDING: 'source_binding'>))), slice_contexts=())
composed = array([[[[ 0.,  1.,  2.,  3.],
         [ 4.,  5.,  6.,  7.],
         [ 8.,  9., 10., 11.]],

        [[ 0.,  1.,  2.... 23.]],

        [[12., 13., 14., 15.],
         [16., 17., 18., 19.],
         [20., 21., 22., 23.]]]], dtype=float32)

    def compose_mask(self, composed: Any, metadata: ImagePayloadMetadata) -> Any | None:
        del metadata
        return _stack_image_payload_mask(
            self.composition_payloads,
            composed,
>           output_mask_domain=metadata.mask_domain(composed),
        )
E       UnboundLocalError: cannot access local variable 'metadata' where it is not associated with a value

openhcs/core/aligned_image_payload.py:456: UnboundLocalError
_ test_every_full_stack_processing_family_materializes_image_and_image_kwargs[1-ProcessingContract.PURE_3D] _

processing_contract = <ProcessingContract.PURE_3D: 'Pure3DProcessingContract'>
slice_count = 1

    @pytest.mark.parametrize("processing_contract", tuple(ProcessingContract))
    @pytest.mark.parametrize("slice_count", (1, 2))
    def test_every_full_stack_processing_family_materializes_image_and_image_kwargs(
        processing_contract, slice_count
    ):
        planes = tuple(
            np.full((3, 4), index, dtype=np.float32) for index in range(slice_count)
        )
        aligned = AlignedImageStack(planes)
        opaque = RuntimeSliceAlignedValues(("not an image",))
        calls = []
    
        def dense_callable(image, *, reference, token):
            calls.append((image, reference, token))
            assert not isinstance(image, AlignedImageStack)
            assert not isinstance(reference, AlignedImageStack)
            assert token is opaque
            np.testing.assert_array_equal(image_payload_data(image), np.stack(planes))
            np.testing.assert_array_equal(image_payload_data(reference), np.stack(planes))
            return image
    
        contract = CallableContract(
            func=dense_callable,
            function_name="dense_callable",
            module_name="DenseProbeModule",
            metadata=CallableMetadata(processing_contract=processing_contract),
        )
        kwargs = {"reference": aligned, "token": opaque}
        # Retain the PURE_3D prohibition on slice-aligned non-image kwargs.
        if processing_contract is ProcessingContract.PURE_3D:
            with pytest.raises(ValueError, match="runtime-slice-aligned kwargs.*token"):
>               CellProfilerFunctionContractExecutor().execute(
                    contract,
                    dense_callable,
                    aligned,
                    kwargs,
                    execution_mode=ImagePayloadExecutionMode.FULL_STACK,
                )

tests/unit/test_cellprofiler_full_stack_materialization.py:89: 
_ _ _ _ _ _ _ _ _ _ _ _ _ _ _ _ _ _ _ _ _ _ _ _ _ _ _ _ _ _ _ _ _ _ _ _ _ _ _ _ 
openhcs/interop/cellprofiler/runtime/function_contract_execution.py:148: in execute
    result = executor.execute_pure_3d(
openhcs/interop/cellprofiler/runtime/function_contract_execution.py:308: in execute_pure_3d
    projected_image = RuntimeSliceProjection.full_stack_value(image)
openhcs/core/runtime_slice_projection.py:898: in full_stack_value
    ).full_stack_value(value)
openhcs/core/runtime_slice_projection.py:514: in full_stack_value
    return cast(AlignedImageStack, value).compose()
openhcs/core/aligned_image_payload.py:441: in compose
    return metadata.payload_with(composed, self.compose_mask(composed, metadata))
_ _ _ _ _ _ _ _ _ _ _ _ _ _ _ _ _ _ _ _ _ _ _ _ _ _ _ _ _ _ _ _ _ _ _ _ _ _ _ _ 

self = AlignedImageStack(slices=(array([[0., 0., 0., 0.],
       [0., 0., 0., 0.],
       [0., 0., 0., 0.]], dtype=float32),), slice_contexts=())
composed = array([[[0., 0., 0., 0.],
        [0., 0., 0., 0.],
        [0., 0., 0., 0.]]], dtype=float32)

    def compose_mask(self, composed: Any, metadata: ImagePayloadMetadata) -> Any | None:
        del metadata
        return _stack_image_payload_mask(
            self.composition_payloads,
            composed,
>           output_mask_domain=metadata.mask_domain(composed),
        )
E       UnboundLocalError: cannot access local variable 'metadata' where it is not associated with a value

openhcs/core/aligned_image_payload.py:456: UnboundLocalError
_ test_every_full_stack_processing_family_materializes_image_and_image_kwargs[1-ProcessingContract.PURE_2D] _

processing_contract = <ProcessingContract.PURE_2D: 'Pure2DProcessingContract'>
slice_count = 1

    @pytest.mark.parametrize("processing_contract", tuple(ProcessingContract))
    @pytest.mark.parametrize("slice_count", (1, 2))
    def test_every_full_stack_processing_family_materializes_image_and_image_kwargs(
        processing_contract, slice_count
    ):
        planes = tuple(
            np.full((3, 4), index, dtype=np.float32) for index in range(slice_count)
        )
        aligned = AlignedImageStack(planes)
        opaque = RuntimeSliceAlignedValues(("not an image",))
        calls = []
    
        def dense_callable(image, *, reference, token):
            calls.append((image, reference, token))
            assert not isinstance(image, AlignedImageStack)
            assert not isinstance(reference, AlignedImageStack)
            assert token is opaque
            np.testing.assert_array_equal(image_payload_data(image), np.stack(planes))
            np.testing.assert_array_equal(image_payload_data(reference), np.stack(planes))
            return image
    
        contract = CallableContract(
            func=dense_callable,
            function_name="dense_callable",
            module_name="DenseProbeModule",
            metadata=CallableMetadata(processing_contract=processing_contract),
        )
        kwargs = {"reference": aligned, "token": opaque}
        # Retain the PURE_3D prohibition on slice-aligned non-image kwargs.
        if processing_contract is ProcessingContract.PURE_3D:
            with pytest.raises(ValueError, match="runtime-slice-aligned kwargs.*token"):
                CellProfilerFunctionContractExecutor().execute(
                    contract,
                    dense_callable,
                    aligned,
                    kwargs,
                    execution_mode=ImagePayloadExecutionMode.FULL_STACK,
                )
            assert calls == []
            kwargs["token"] = None
            opaque = None
>       result = CellProfilerFunctionContractExecutor().execute(
            contract,
            dense_callable,
            aligned,
            kwargs,
            execution_mode=ImagePayloadExecutionMode.FULL_STACK,
        )

tests/unit/test_cellprofiler_full_stack_materialization.py:99: 
_ _ _ _ _ _ _ _ _ _ _ _ _ _ _ _ _ _ _ _ _ _ _ _ _ _ _ _ _ _ _ _ _ _ _ _ _ _ _ _ 
openhcs/interop/cellprofiler/runtime/function_contract_execution.py:148: in execute
    result = executor.execute_pure_3d(
openhcs/interop/cellprofiler/runtime/function_contract_execution.py:308: in execute_pure_3d
    projected_image = RuntimeSliceProjection.full_stack_value(image)
openhcs/core/runtime_slice_projection.py:898: in full_stack_value
    ).full_stack_value(value)
openhcs/core/runtime_slice_projection.py:514: in full_stack_value
    return cast(AlignedImageStack, value).compose()
openhcs/core/aligned_image_payload.py:441: in compose
    return metadata.payload_with(composed, self.compose_mask(composed, metadata))
_ _ _ _ _ _ _ _ _ _ _ _ _ _ _ _ _ _ _ _ _ _ _ _ _ _ _ _ _ _ _ _ _ _ _ _ _ _ _ _ 

self = AlignedImageStack(slices=(array([[0., 0., 0., 0.],
       [0., 0., 0., 0.],
       [0., 0., 0., 0.]], dtype=float32),), slice_contexts=())
composed = array([[[0., 0., 0., 0.],
        [0., 0., 0., 0.],
        [0., 0., 0., 0.]]], dtype=float32)

    def compose_mask(self, composed: Any, metadata: ImagePayloadMetadata) -> Any | None:
        del metadata
        return _stack_image_payload_mask(
            self.composition_payloads,
            composed,
>           output_mask_domain=metadata.mask_domain(composed),
        )
E       UnboundLocalError: cannot access local variable 'metadata' where it is not associated with a value

openhcs/core/aligned_image_payload.py:456: UnboundLocalError
_ test_every_full_stack_processing_family_materializes_image_and_image_kwargs[1-ProcessingContract.FLEXIBLE] _

processing_contract = <ProcessingContract.FLEXIBLE: 'FlexibleProcessingContract'>
slice_count = 1

    @pytest.mark.parametrize("processing_contract", tuple(ProcessingContract))
    @pytest.mark.parametrize("slice_count", (1, 2))
    def test_every_full_stack_processing_family_materializes_image_and_image_kwargs(
        processing_contract, slice_count
    ):
        planes = tuple(
            np.full((3, 4), index, dtype=np.float32) for index in range(slice_count)
        )
        aligned = AlignedImageStack(planes)
        opaque = RuntimeSliceAlignedValues(("not an image",))
        calls = []
    
        def dense_callable(image, *, reference, token):
            calls.append((image, reference, token))
            assert not isinstance(image, AlignedImageStack)
            assert not isinstance(reference, AlignedImageStack)
            assert token is opaque
            np.testing.assert_array_equal(image_payload_data(image), np.stack(planes))
            np.testing.assert_array_equal(image_payload_data(reference), np.stack(planes))
            return image
    
        contract = CallableContract(
            func=dense_callable,
            function_name="dense_callable",
            module_name="DenseProbeModule",
            metadata=CallableMetadata(processing_contract=processing_contract),
        )
        kwargs = {"reference": aligned, "token": opaque}
        # Retain the PURE_3D prohibition on slice-aligned non-image kwargs.
        if processing_contract is ProcessingContract.PURE_3D:
            with pytest.raises(ValueError, match="runtime-slice-aligned kwargs.*token"):
                CellProfilerFunctionContractExecutor().execute(
                    contract,
                    dense_callable,
                    aligned,
                    kwargs,
                    execution_mode=ImagePayloadExecutionMode.FULL_STACK,
                )
            assert calls == []
            kwargs["token"] = None
            opaque = None
>       result = CellProfilerFunctionContractExecutor().execute(
            contract,
            dense_callable,
            aligned,
            kwargs,
            execution_mode=ImagePayloadExecutionMode.FULL_STACK,
        )

tests/unit/test_cellprofiler_full_stack_materialization.py:99: 
_ _ _ _ _ _ _ _ _ _ _ _ _ _ _ _ _ _ _ _ _ _ _ _ _ _ _ _ _ _ _ _ _ _ _ _ _ _ _ _ 
openhcs/interop/cellprofiler/runtime/function_contract_execution.py:148: in execute
    result = executor.execute_pure_3d(
openhcs/interop/cellprofiler/runtime/function_contract_execution.py:308: in execute_pure_3d
    projected_image = RuntimeSliceProjection.full_stack_value(image)
openhcs/core/runtime_slice_projection.py:898: in full_stack_value
    ).full_stack_value(value)
openhcs/core/runtime_slice_projection.py:514: in full_stack_value
    return cast(AlignedImageStack, value).compose()
openhcs/core/aligned_image_payload.py:441: in compose
    return metadata.payload_with(composed, self.compose_mask(composed, metadata))
_ _ _ _ _ _ _ _ _ _ _ _ _ _ _ _ _ _ _ _ _ _ _ _ _ _ _ _ _ _ _ _ _ _ _ _ _ _ _ _ 

self = AlignedImageStack(slices=(array([[0., 0., 0., 0.],
       [0., 0., 0., 0.],
       [0., 0., 0., 0.]], dtype=float32),), slice_contexts=())
composed = array([[[0., 0., 0., 0.],
        [0., 0., 0., 0.],
        [0., 0., 0., 0.]]], dtype=float32)

    def compose_mask(self, composed: Any, metadata: ImagePayloadMetadata) -> Any | None:
        del metadata
        return _stack_image_payload_mask(
            self.composition_payloads,
            composed,
>           output_mask_domain=metadata.mask_domain(composed),
        )
E       UnboundLocalError: cannot access local variable 'metadata' where it is not associated with a value

openhcs/core/aligned_image_payload.py:456: UnboundLocalError
_ test_every_full_stack_processing_family_materializes_image_and_image_kwargs[1-ProcessingContract.VOLUMETRIC_TO_SLICE] _

processing_contract = <ProcessingContract.VOLUMETRIC_TO_SLICE: 'VolumetricToSliceProcessingContract'>
slice_count = 1

    @pytest.mark.parametrize("processing_contract", tuple(ProcessingContract))
    @pytest.mark.parametrize("slice_count", (1, 2))
    def test_every_full_stack_processing_family_materializes_image_and_image_kwargs(
        processing_contract, slice_count
    ):
        planes = tuple(
            np.full((3, 4), index, dtype=np.float32) for index in range(slice_count)
        )
        aligned = AlignedImageStack(planes)
        opaque = RuntimeSliceAlignedValues(("not an image",))
        calls = []
    
        def dense_callable(image, *, reference, token):
            calls.append((image, reference, token))
            assert not isinstance(image, AlignedImageStack)
            assert not isinstance(reference, AlignedImageStack)
            assert token is opaque
            np.testing.assert_array_equal(image_payload_data(image), np.stack(planes))
            np.testing.assert_array_equal(image_payload_data(reference), np.stack(planes))
            return image
    
        contract = CallableContract(
            func=dense_callable,
            function_name="dense_callable",
            module_name="DenseProbeModule",
            metadata=CallableMetadata(processing_contract=processing_contract),
        )
        kwargs = {"reference": aligned, "token": opaque}
        # Retain the PURE_3D prohibition on slice-aligned non-image kwargs.
        if processing_contract is ProcessingContract.PURE_3D:
            with pytest.raises(ValueError, match="runtime-slice-aligned kwargs.*token"):
                CellProfilerFunctionContractExecutor().execute(
                    contract,
                    dense_callable,
                    aligned,
                    kwargs,
                    execution_mode=ImagePayloadExecutionMode.FULL_STACK,
                )
            assert calls == []
            kwargs["token"] = None
            opaque = None
>       result = CellProfilerFunctionContractExecutor().execute(
            contract,
            dense_callable,
            aligned,
            kwargs,
            execution_mode=ImagePayloadExecutionMode.FULL_STACK,
        )

tests/unit/test_cellprofiler_full_stack_materialization.py:99: 
_ _ _ _ _ _ _ _ _ _ _ _ _ _ _ _ _ _ _ _ _ _ _ _ _ _ _ _ _ _ _ _ _ _ _ _ _ _ _ _ 
openhcs/interop/cellprofiler/runtime/function_contract_execution.py:148: in execute
    result = executor.execute_pure_3d(
openhcs/interop/cellprofiler/runtime/function_contract_execution.py:308: in execute_pure_3d
    projected_image = RuntimeSliceProjection.full_stack_value(image)
openhcs/core/runtime_slice_projection.py:898: in full_stack_value
    ).full_stack_value(value)
openhcs/core/runtime_slice_projection.py:514: in full_stack_value
    return cast(AlignedImageStack, value).compose()
openhcs/core/aligned_image_payload.py:441: in compose
    return metadata.payload_with(composed, self.compose_mask(composed, metadata))
_ _ _ _ _ _ _ _ _ _ _ _ _ _ _ _ _ _ _ _ _ _ _ _ _ _ _ _ _ _ _ _ _ _ _ _ _ _ _ _ 

self = AlignedImageStack(slices=(array([[0., 0., 0., 0.],
       [0., 0., 0., 0.],
       [0., 0., 0., 0.]], dtype=float32),), slice_contexts=())
composed = array([[[0., 0., 0., 0.],
        [0., 0., 0., 0.],
        [0., 0., 0., 0.]]], dtype=float32)

    def compose_mask(self, composed: Any, metadata: ImagePayloadMetadata) -> Any | None:
        del metadata
        return _stack_image_payload_mask(
            self.composition_payloads,
            composed,
>           output_mask_domain=metadata.mask_domain(composed),
        )
E       UnboundLocalError: cannot access local variable 'metadata' where it is not associated with a value

openhcs/core/aligned_image_payload.py:456: UnboundLocalError
_ test_every_full_stack_processing_family_materializes_image_and_image_kwargs[2-ProcessingContract.PURE_3D] _

processing_contract = <ProcessingContract.PURE_3D: 'Pure3DProcessingContract'>
slice_count = 2

    @pytest.mark.parametrize("processing_contract", tuple(ProcessingContract))
    @pytest.mark.parametrize("slice_count", (1, 2))
    def test_every_full_stack_processing_family_materializes_image_and_image_kwargs(
        processing_contract, slice_count
    ):
        planes = tuple(
            np.full((3, 4), index, dtype=np.float32) for index in range(slice_count)
        )
        aligned = AlignedImageStack(planes)
        opaque = RuntimeSliceAlignedValues(("not an image",))
        calls = []
    
        def dense_callable(image, *, reference, token):
            calls.append((image, reference, token))
            assert not isinstance(image, AlignedImageStack)
            assert not isinstance(reference, AlignedImageStack)
            assert token is opaque
            np.testing.assert_array_equal(image_payload_data(image), np.stack(planes))
            np.testing.assert_array_equal(image_payload_data(reference), np.stack(planes))
            return image
    
        contract = CallableContract(
            func=dense_callable,
            function_name="dense_callable",
            module_name="DenseProbeModule",
            metadata=CallableMetadata(processing_contract=processing_contract),
        )
        kwargs = {"reference": aligned, "token": opaque}
        # Retain the PURE_3D prohibition on slice-aligned non-image kwargs.
        if processing_contract is ProcessingContract.PURE_3D:
            with pytest.raises(ValueError, match="runtime-slice-aligned kwargs.*token"):
>               CellProfilerFunctionContractExecutor().execute(
                    contract,
                    dense_callable,
                    aligned,
                    kwargs,
                    execution_mode=ImagePayloadExecutionMode.FULL_STACK,
                )

tests/unit/test_cellprofiler_full_stack_materialization.py:89: 
_ _ _ _ _ _ _ _ _ _ _ _ _ _ _ _ _ _ _ _ _ _ _ _ _ _ _ _ _ _ _ _ _ _ _ _ _ _ _ _ 
openhcs/interop/cellprofiler/runtime/function_contract_execution.py:148: in execute
    result = executor.execute_pure_3d(
openhcs/interop/cellprofiler/runtime/function_contract_execution.py:308: in execute_pure_3d
    projected_image = RuntimeSliceProjection.full_stack_value(image)
openhcs/core/runtime_slice_projection.py:898: in full_stack_value
    ).full_stack_value(value)
openhcs/core/runtime_slice_projection.py:514: in full_stack_value
    return cast(AlignedImageStack, value).compose()
openhcs/core/aligned_image_payload.py:441: in compose
    return metadata.payload_with(composed, self.compose_mask(composed, metadata))
_ _ _ _ _ _ _ _ _ _ _ _ _ _ _ _ _ _ _ _ _ _ _ _ _ _ _ _ _ _ _ _ _ _ _ _ _ _ _ _ 

self = AlignedImageStack(slices=(array([[0., 0., 0., 0.],
       [0., 0., 0., 0.],
       [0., 0., 0., 0.]], dtype=float32), array([[1., 1., 1., 1.],
       [1., 1., 1., 1.],
       [1., 1., 1., 1.]], dtype=float32)), slice_contexts=())
composed = array([[[0., 0., 0., 0.],
        [0., 0., 0., 0.],
        [0., 0., 0., 0.]],

       [[1., 1., 1., 1.],
        [1., 1., 1., 1.],
        [1., 1., 1., 1.]]], dtype=float32)

    def compose_mask(self, composed: Any, metadata: ImagePayloadMetadata) -> Any | None:
        del metadata
        return _stack_image_payload_mask(
            self.composition_payloads,
            composed,
>           output_mask_domain=metadata.mask_domain(composed),
        )
E       UnboundLocalError: cannot access local variable 'metadata' where it is not associated with a value

openhcs/core/aligned_image_payload.py:456: UnboundLocalError
_ test_every_full_stack_processing_family_materializes_image_and_image_kwargs[2-ProcessingContract.PURE_2D] _

processing_contract = <ProcessingContract.PURE_2D: 'Pure2DProcessingContract'>
slice_count = 2

    @pytest.mark.parametrize("processing_contract", tuple(ProcessingContract))
    @pytest.mark.parametrize("slice_count", (1, 2))
    def test_every_full_stack_processing_family_materializes_image_and_image_kwargs(
        processing_contract, slice_count
    ):
        planes = tuple(
            np.full((3, 4), index, dtype=np.float32) for index in range(slice_count)
        )
        aligned = AlignedImageStack(planes)
        opaque = RuntimeSliceAlignedValues(("not an image",))
        calls = []
    
        def dense_callable(image, *, reference, token):
            calls.append((image, reference, token))
            assert not isinstance(image, AlignedImageStack)
            assert not isinstance(reference, AlignedImageStack)
            assert token is opaque
            np.testing.assert_array_equal(image_payload_data(image), np.stack(planes))
            np.testing.assert_array_equal(image_payload_data(reference), np.stack(planes))
            return image
    
        contract = CallableContract(
            func=dense_callable,
            function_name="dense_callable",
            module_name="DenseProbeModule",
            metadata=CallableMetadata(processing_contract=processing_contract),
        )
        kwargs = {"reference": aligned, "token": opaque}
        # Retain the PURE_3D prohibition on slice-aligned non-image kwargs.
        if processing_contract is ProcessingContract.PURE_3D:
            with pytest.raises(ValueError, match="runtime-slice-aligned kwargs.*token"):
                CellProfilerFunctionContractExecutor().execute(
                    contract,
                    dense_callable,
                    aligned,
                    kwargs,
                    execution_mode=ImagePayloadExecutionMode.FULL_STACK,
                )
            assert calls == []
            kwargs["token"] = None
            opaque = None
>       result = CellProfilerFunctionContractExecutor().execute(
            contract,
            dense_callable,
            aligned,
            kwargs,
            execution_mode=ImagePayloadExecutionMode.FULL_STACK,
        )

tests/unit/test_cellprofiler_full_stack_materialization.py:99: 
_ _ _ _ _ _ _ _ _ _ _ _ _ _ _ _ _ _ _ _ _ _ _ _ _ _ _ _ _ _ _ _ _ _ _ _ _ _ _ _ 
openhcs/interop/cellprofiler/runtime/function_contract_execution.py:148: in execute
    result = executor.execute_pure_3d(
openhcs/interop/cellprofiler/runtime/function_contract_execution.py:308: in execute_pure_3d
    projected_image = RuntimeSliceProjection.full_stack_value(image)
openhcs/core/runtime_slice_projection.py:898: in full_stack_value
    ).full_stack_value(value)
openhcs/core/runtime_slice_projection.py:514: in full_stack_value
    return cast(AlignedImageStack, value).compose()
openhcs/core/aligned_image_payload.py:441: in compose
    return metadata.payload_with(composed, self.compose_mask(composed, metadata))
_ _ _ _ _ _ _ _ _ _ _ _ _ _ _ _ _ _ _ _ _ _ _ _ _ _ _ _ _ _ _ _ _ _ _ _ _ _ _ _ 

self = AlignedImageStack(slices=(array([[0., 0., 0., 0.],
       [0., 0., 0., 0.],
       [0., 0., 0., 0.]], dtype=float32), array([[1., 1., 1., 1.],
       [1., 1., 1., 1.],
       [1., 1., 1., 1.]], dtype=float32)), slice_contexts=())
composed = array([[[0., 0., 0., 0.],
        [0., 0., 0., 0.],
        [0., 0., 0., 0.]],

       [[1., 1., 1., 1.],
        [1., 1., 1., 1.],
        [1., 1., 1., 1.]]], dtype=float32)

    def compose_mask(self, composed: Any, metadata: ImagePayloadMetadata) -> Any | None:
        del metadata
        return _stack_image_payload_mask(
            self.composition_payloads,
            composed,
>           output_mask_domain=metadata.mask_domain(composed),
        )
E       UnboundLocalError: cannot access local variable 'metadata' where it is not associated with a value

openhcs/core/aligned_image_payload.py:456: UnboundLocalError
_ test_every_full_stack_processing_family_materializes_image_and_image_kwargs[2-ProcessingContract.FLEXIBLE] _

processing_contract = <ProcessingContract.FLEXIBLE: 'FlexibleProcessingContract'>
slice_count = 2

    @pytest.mark.parametrize("processing_contract", tuple(ProcessingContract))
    @pytest.mark.parametrize("slice_count", (1, 2))
    def test_every_full_stack_processing_family_materializes_image_and_image_kwargs(
        processing_contract, slice_count
    ):
        planes = tuple(
            np.full((3, 4), index, dtype=np.float32) for index in range(slice_count)
        )
        aligned = AlignedImageStack(planes)
        opaque = RuntimeSliceAlignedValues(("not an image",))
        calls = []
    
        def dense_callable(image, *, reference, token):
            calls.append((image, reference, token))
            assert not isinstance(image, AlignedImageStack)
            assert not isinstance(reference, AlignedImageStack)
            assert token is opaque
            np.testing.assert_array_equal(image_payload_data(image), np.stack(planes))
            np.testing.assert_array_equal(image_payload_data(reference), np.stack(planes))
            return image
    
        contract = CallableContract(
            func=dense_callable,
            function_name="dense_callable",
            module_name="DenseProbeModule",
            metadata=CallableMetadata(processing_contract=processing_contract),
        )
        kwargs = {"reference": aligned, "token": opaque}
        # Retain the PURE_3D prohibition on slice-aligned non-image kwargs.
        if processing_contract is ProcessingContract.PURE_3D:
            with pytest.raises(ValueError, match="runtime-slice-aligned kwargs.*token"):
                CellProfilerFunctionContractExecutor().execute(
                    contract,
                    dense_callable,
                    aligned,
                    kwargs,
                    execution_mode=ImagePayloadExecutionMode.FULL_STACK,
                )
            assert calls == []
            kwargs["token"] = None
            opaque = None
>       result = CellProfilerFunctionContractExecutor().execute(
            contract,
            dense_callable,
            aligned,
            kwargs,
            execution_mode=ImagePayloadExecutionMode.FULL_STACK,
        )

tests/unit/test_cellprofiler_full_stack_materialization.py:99: 
_ _ _ _ _ _ _ _ _ _ _ _ _ _ _ _ _ _ _ _ _ _ _ _ _ _ _ _ _ _ _ _ _ _ _ _ _ _ _ _ 
openhcs/interop/cellprofiler/runtime/function_contract_execution.py:148: in execute
    result = executor.execute_pure_3d(
openhcs/interop/cellprofiler/runtime/function_contract_execution.py:308: in execute_pure_3d
    projected_image = RuntimeSliceProjection.full_stack_value(image)
openhcs/core/runtime_slice_projection.py:898: in full_stack_value
    ).full_stack_value(value)
openhcs/core/runtime_slice_projection.py:514: in full_stack_value
    return cast(AlignedImageStack, value).compose()
openhcs/core/aligned_image_payload.py:441: in compose
    return metadata.payload_with(composed, self.compose_mask(composed, metadata))
_ _ _ _ _ _ _ _ _ _ _ _ _ _ _ _ _ _ _ _ _ _ _ _ _ _ _ _ _ _ _ _ _ _ _ _ _ _ _ _ 

self = AlignedImageStack(slices=(array([[0., 0., 0., 0.],
       [0., 0., 0., 0.],
       [0., 0., 0., 0.]], dtype=float32), array([[1., 1., 1., 1.],
       [1., 1., 1., 1.],
       [1., 1., 1., 1.]], dtype=float32)), slice_contexts=())
composed = array([[[0., 0., 0., 0.],
        [0., 0., 0., 0.],
        [0., 0., 0., 0.]],

       [[1., 1., 1., 1.],
        [1., 1., 1., 1.],
        [1., 1., 1., 1.]]], dtype=float32)

    def compose_mask(self, composed: Any, metadata: ImagePayloadMetadata) -> Any | None:
        del metadata
        return _stack_image_payload_mask(
            self.composition_payloads,
            composed,
>           output_mask_domain=metadata.mask_domain(composed),
        )
E       UnboundLocalError: cannot access local variable 'metadata' where it is not associated with a value

openhcs/core/aligned_image_payload.py:456: UnboundLocalError
_ test_every_full_stack_processing_family_materializes_image_and_image_kwargs[2-ProcessingContract.VOLUMETRIC_TO_SLICE] _

processing_contract = <ProcessingContract.VOLUMETRIC_TO_SLICE: 'VolumetricToSliceProcessingContract'>
slice_count = 2

    @pytest.mark.parametrize("processing_contract", tuple(ProcessingContract))
    @pytest.mark.parametrize("slice_count", (1, 2))
    def test_every_full_stack_processing_family_materializes_image_and_image_kwargs(
        processing_contract, slice_count
    ):
        planes = tuple(
            np.full((3, 4), index, dtype=np.float32) for index in range(slice_count)
        )
        aligned = AlignedImageStack(planes)
        opaque = RuntimeSliceAlignedValues(("not an image",))
        calls = []
    
        def dense_callable(image, *, reference, token):
            calls.append((image, reference, token))
            assert not isinstance(image, AlignedImageStack)
            assert not isinstance(reference, AlignedImageStack)
            assert token is opaque
            np.testing.assert_array_equal(image_payload_data(image), np.stack(planes))
            np.testing.assert_array_equal(image_payload_data(reference), np.stack(planes))
            return image
    
        contract = CallableContract(
            func=dense_callable,
            function_name="dense_callable",
            module_name="DenseProbeModule",
            metadata=CallableMetadata(processing_contract=processing_contract),
        )
        kwargs = {"reference": aligned, "token": opaque}
        # Retain the PURE_3D prohibition on slice-aligned non-image kwargs.
        if processing_contract is ProcessingContract.PURE_3D:
            with pytest.raises(ValueError, match="runtime-slice-aligned kwargs.*token"):
                CellProfilerFunctionContractExecutor().execute(
                    contract,
                    dense_callable,
                    aligned,
                    kwargs,
                    execution_mode=ImagePayloadExecutionMode.FULL_STACK,
                )
            assert calls == []
            kwargs["token"] = None
            opaque = None
>       result = CellProfilerFunctionContractExecutor().execute(
            contract,
            dense_callable,
            aligned,
            kwargs,
            execution_mode=ImagePayloadExecutionMode.FULL_STACK,
        )

tests/unit/test_cellprofiler_full_stack_materialization.py:99: 
_ _ _ _ _ _ _ _ _ _ _ _ _ _ _ _ _ _ _ _ _ _ _ _ _ _ _ _ _ _ _ _ _ _ _ _ _ _ _ _ 
openhcs/interop/cellprofiler/runtime/function_contract_execution.py:148: in execute
    result = executor.execute_pure_3d(
openhcs/interop/cellprofiler/runtime/function_contract_execution.py:308: in execute_pure_3d
    projected_image = RuntimeSliceProjection.full_stack_value(image)
openhcs/core/runtime_slice_projection.py:898: in full_stack_value
    ).full_stack_value(value)
openhcs/core/runtime_slice_projection.py:514: in full_stack_value
    return cast(AlignedImageStack, value).compose()
openhcs/core/aligned_image_payload.py:441: in compose
    return metadata.payload_with(composed, self.compose_mask(composed, metadata))
_ _ _ _ _ _ _ _ _ _ _ _ _ _ _ _ _ _ _ _ _ _ _ _ _ _ _ _ _ _ _ _ _ _ _ _ _ _ _ _ 

self = AlignedImageStack(slices=(array([[0., 0., 0., 0.],
       [0., 0., 0., 0.],
       [0., 0., 0., 0.]], dtype=float32), array([[1., 1., 1., 1.],
       [1., 1., 1., 1.],
       [1., 1., 1., 1.]], dtype=float32)), slice_contexts=())
composed = array([[[0., 0., 0., 0.],
        [0., 0., 0., 0.],
        [0., 0., 0., 0.]],

       [[1., 1., 1., 1.],
        [1., 1., 1., 1.],
        [1., 1., 1., 1.]]], dtype=float32)

    def compose_mask(self, composed: Any, metadata: ImagePayloadMetadata) -> Any | None:
        del metadata
        return _stack_image_payload_mask(
            self.composition_payloads,
            composed,
>           output_mask_domain=metadata.mask_domain(composed),
        )
E       UnboundLocalError: cannot access local variable 'metadata' where it is not associated with a value

openhcs/core/aligned_image_payload.py:456: UnboundLocalError
_ test_aligned_materialization_retains_masks_calibration_and_exact_contributors _

    def test_aligned_materialization_retains_masks_calibration_and_exact_contributors():
        spacing = SourceVoxelSpacing((1.25, 2.5, 3.0), SourceVoxelSpacingUnit.MICROMETERS)
        sources = []
        expected_paths = []
        for channel, alias in ((1, "DNA"), (2, "actin")):
            paths = tuple(f"/synthetic/A01_s{site}_w{channel}.tif" for site in (1, 2))
            expected_paths.extend(paths)
            metadata = ImagePayloadMetadata(
                plane_axis=RuntimePlaneAxis.RUNTIME_SLICE,
                source_image_names=(alias,),
                source_image_provenance_planes=SourceImageProvenancePlanes.from_components(
                    paths=paths,
                    component_metadata=tuple(
                        {"well": "A01", "site": str(site), "channel": str(channel)}
                        for site in (1, 2)
                    ),
                ),
                source_voxel_spacing=spacing,
                source_dtype="uint8",
                intensity_scale=255.0,
                source_spatial_domain=SourceSpatialDomain(
                    source_shape_yx=(3, 4), origin_yx=(0, 0)
                ),
            )
            pixels = np.full((2, 3, 4), channel, dtype=np.float32)
            mask = np.ones_like(pixels, dtype=bool)
            mask[0, 0, 0] = False
            sources.append(metadata.payload_with(pixels, mask))
        composed = compose_aligned_image_payload(
            "matched synthetic inputs", tuple(sources)
        ).payload
>       dense = RuntimeSliceProjection.full_stack_value(composed)

tests/unit/test_cellprofiler_full_stack_materialization.py:142: 
_ _ _ _ _ _ _ _ _ _ _ _ _ _ _ _ _ _ _ _ _ _ _ _ _ _ _ _ _ _ _ _ _ _ _ _ _ _ _ _ 
openhcs/core/runtime_slice_projection.py:898: in full_stack_value
    ).full_stack_value(value)
openhcs/core/runtime_slice_projection.py:514: in full_stack_value
    return cast(AlignedImageStack, value).compose()
openhcs/core/aligned_image_payload.py:441: in compose
    return metadata.payload_with(composed, self.compose_mask(composed, metadata))
_ _ _ _ _ _ _ _ _ _ _ _ _ _ _ _ _ _ _ _ _ _ _ _ _ _ _ _ _ _ _ _ _ _ _ _ _ _ _ _ 

self = AlignedImageStack(slices=(MaskedImagePayload(data=array([[[1., 1., 1., 1.],
        [1., 1., 1., 1.],
        [1., 1.,...r=None, source_channel_axis=None, plane_axis=<RuntimePlaneAxis.SOURCE_BINDING: 'source_binding'>))), slice_contexts=())
composed = array([[[[1., 1., 1., 1.],
         [1., 1., 1., 1.],
         [1., 1., 1., 1.]],

        [[2., 2., 2., 2.],
        ... [1., 1., 1., 1.]],

        [[2., 2., 2., 2.],
         [2., 2., 2., 2.],
         [2., 2., 2., 2.]]]], dtype=float32)

    def compose_mask(self, composed: Any, metadata: ImagePayloadMetadata) -> Any | None:
        del metadata
        return _stack_image_payload_mask(
            self.composition_payloads,
            composed,
>           output_mask_domain=metadata.mask_domain(composed),
        )
E       UnboundLocalError: cannot access local variable 'metadata' where it is not associated with a value

openhcs/core/aligned_image_payload.py:456: UnboundLocalError
______ test_named_output_bundle_materializes_its_own_source_binding_axis _______

    def test_named_output_bundle_materializes_its_own_source_binding_axis():
        planes = tuple(np.full((3, 4), index, dtype=np.float32) for index in (1, 2))
        bundle = ImageOutputBundle(
            planes,
            tuple(
                AlignedImageSliceContext.main_flow(name, artifact_kind="image")
                for name in ("red", "green")
            ),
        )
>       dense = RuntimeSliceProjection.full_stack_value(bundle)

tests/unit/test_cellprofiler_full_stack_materialization.py:193: 
_ _ _ _ _ _ _ _ _ _ _ _ _ _ _ _ _ _ _ _ _ _ _ _ _ _ _ _ _ _ _ _ _ _ _ _ _ _ _ _ 
openhcs/core/runtime_slice_projection.py:898: in full_stack_value
    ).full_stack_value(value)
openhcs/core/runtime_slice_projection.py:514: in full_stack_value
    return cast(AlignedImageStack, value).compose()
openhcs/core/aligned_image_payload.py:441: in compose
    return metadata.payload_with(composed, self.compose_mask(composed, metadata))
_ _ _ _ _ _ _ _ _ _ _ _ _ _ _ _ _ _ _ _ _ _ _ _ _ _ _ _ _ _ _ _ _ _ _ _ _ _ _ _ 

self = ImageOutputBundle(slices=(array([[1., 1., 1., 1.],
       [1., 1., 1., 1.],
       [1., 1., 1., 1.]], dtype=float32), ...age'), AlignedImageSliceContext(output_kind='main', output_key='green', projection_key='main', artifact_kind='image')))
composed = array([[[1., 1., 1., 1.],
        [1., 1., 1., 1.],
        [1., 1., 1., 1.]],

       [[2., 2., 2., 2.],
        [2., 2., 2., 2.],
        [2., 2., 2., 2.]]], dtype=float32)

    def compose_mask(self, composed: Any, metadata: ImagePayloadMetadata) -> Any | None:
        del metadata
        return _stack_image_payload_mask(
            self.composition_payloads,
            composed,
>           output_mask_domain=metadata.mask_domain(composed),
        )
E       UnboundLocalError: cannot access local variable 'metadata' where it is not associated with a value

openhcs/core/aligned_image_payload.py:456: UnboundLocalError
_ test_independent_composition_capabilities_cooperate_in_both_mro_orders[False] _

reverse = False

    @pytest.mark.parametrize("reverse", (False, True))
    def test_independent_composition_capabilities_cooperate_in_both_mro_orders(reverse):
        calls = []
    
        class PixelCapability:
            def compose_unmasked(self, payloads):
                calls.append("pixels")
                return super().compose_unmasked(payloads) + 1
    
        class MaskCapability:
            def compose_mask(self, composed, metadata):
                calls.append("mask")
                return super().compose_mask(composed, metadata)
    
        bases = (
            (MaskCapability, PixelCapability)
            if reverse
            else (PixelCapability, MaskCapability)
        )
        probe_type = type("IndependentCompositionProbe", (*bases, AlignedImageStack), {})
        probe = probe_type((np.zeros((2, 3)), np.ones((2, 3))))
        assert isinstance(probe, ImagePayloadStackComposition)
>       dense = RuntimeSliceProjection.full_stack_value(probe)

tests/unit/test_cellprofiler_full_stack_materialization.py:230: 
_ _ _ _ _ _ _ _ _ _ _ _ _ _ _ _ _ _ _ _ _ _ _ _ _ _ _ _ _ _ _ _ _ _ _ _ _ _ _ _ 
openhcs/core/runtime_slice_projection.py:898: in full_stack_value
    ).full_stack_value(value)
openhcs/core/runtime_slice_projection.py:514: in full_stack_value
    return cast(AlignedImageStack, value).compose()
openhcs/core/aligned_image_payload.py:441: in compose
    return metadata.payload_with(composed, self.compose_mask(composed, metadata))
tests/unit/test_cellprofiler_full_stack_materialization.py:220: in compose_mask
    return super().compose_mask(composed, metadata)
_ _ _ _ _ _ _ _ _ _ _ _ _ _ _ _ _ _ _ _ _ _ _ _ _ _ _ _ _ _ _ _ _ _ _ _ _ _ _ _ 

self = IndependentCompositionProbe(slices=(array([[0., 0., 0.],
       [0., 0., 0.]]), array([[1., 1., 1.],
       [1., 1., 1.]])), slice_contexts=())
composed = array([[[1., 1., 1.],
        [1., 1., 1.]],

       [[2., 2., 2.],
        [2., 2., 2.]]])

    def compose_mask(self, composed: Any, metadata: ImagePayloadMetadata) -> Any | None:
        del metadata
        return _stack_image_payload_mask(
            self.composition_payloads,
            composed,
>           output_mask_domain=metadata.mask_domain(composed),
        )
E       UnboundLocalError: cannot access local variable 'metadata' where it is not associated with a value

openhcs/core/aligned_image_payload.py:456: UnboundLocalError
_ test_independent_composition_capabilities_cooperate_in_both_mro_orders[True] _

reverse = True

    @pytest.mark.parametrize("reverse", (False, True))
    def test_independent_composition_capabilities_cooperate_in_both_mro_orders(reverse):
        calls = []
    
        class PixelCapability:
            def compose_unmasked(self, payloads):
                calls.append("pixels")
                return super().compose_unmasked(payloads) + 1
    
        class MaskCapability:
            def compose_mask(self, composed, metadata):
                calls.append("mask")
                return super().compose_mask(composed, metadata)
    
        bases = (
            (MaskCapability, PixelCapability)
            if reverse
            else (PixelCapability, MaskCapability)
        )
        probe_type = type("IndependentCompositionProbe", (*bases, AlignedImageStack), {})
        probe = probe_type((np.zeros((2, 3)), np.ones((2, 3))))
        assert isinstance(probe, ImagePayloadStackComposition)
>       dense = RuntimeSliceProjection.full_stack_value(probe)

tests/unit/test_cellprofiler_full_stack_materialization.py:230: 
_ _ _ _ _ _ _ _ _ _ _ _ _ _ _ _ _ _ _ _ _ _ _ _ _ _ _ _ _ _ _ _ _ _ _ _ _ _ _ _ 
openhcs/core/runtime_slice_projection.py:898: in full_stack_value
    ).full_stack_value(value)
openhcs/core/runtime_slice_projection.py:514: in full_stack_value
    return cast(AlignedImageStack, value).compose()
openhcs/core/aligned_image_payload.py:441: in compose
    return metadata.payload_with(composed, self.compose_mask(composed, metadata))
tests/unit/test_cellprofiler_full_stack_materialization.py:220: in compose_mask
    return super().compose_mask(composed, metadata)
_ _ _ _ _ _ _ _ _ _ _ _ _ _ _ _ _ _ _ _ _ _ _ _ _ _ _ _ _ _ _ _ _ _ _ _ _ _ _ _ 

self = IndependentCompositionProbe(slices=(array([[0., 0., 0.],
       [0., 0., 0.]]), array([[1., 1., 1.],
       [1., 1., 1.]])), slice_contexts=())
composed = array([[[1., 1., 1.],
        [1., 1., 1.]],

       [[2., 2., 2.],
        [2., 2., 2.]]])

    def compose_mask(self, composed: Any, metadata: ImagePayloadMetadata) -> Any | None:
        del metadata
        return _stack_image_payload_mask(
            self.composition_payloads,
            composed,
>           output_mask_domain=metadata.mask_domain(composed),
        )
E       UnboundLocalError: cannot access local variable 'metadata' where it is not associated with a value

openhcs/core/aligned_image_payload.py:456: UnboundLocalError
=============================== warnings summary ===============================
../../code/projects/openhcs/.venv/lib/python3.12/site-packages/_pytest/config/__init__.py:1441
  /home/ts/code/projects/openhcs/.venv/lib/python3.12/site-packages/_pytest/config/__init__.py:1441: PytestConfigWarning: Unknown config option: asyncio_default_fixture_loop_scope
  
    self._warn_or_fail_if_strict(f"Unknown config option: {key}\n")

../../code/projects/openhcs/.venv/lib/python3.12/site-packages/_pytest/config/__init__.py:1441
  /home/ts/code/projects/openhcs/.venv/lib/python3.12/site-packages/_pytest/config/__init__.py:1441: PytestConfigWarning: Unknown config option: asyncio_mode
  
    self._warn_or_fail_if_strict(f"Unknown config option: {key}\n")

-- Docs: https://docs.pytest.org/en/stable/how-to/capture-warnings.html
- generated xml file: /home/ts/wt/openhcs-cp-aligned-materialization-20261001/diagnostics/complete-owned-families.xml -
=========================== short test summary info ============================
FAILED tests/unit/test_cellprofiler_full_stack_materialization.py::test_real_rescale_full_stack_materializes_composed_runtime_sources
FAILED tests/unit/test_cellprofiler_full_stack_materialization.py::test_every_full_stack_processing_family_materializes_image_and_image_kwargs[1-ProcessingContract.PURE_3D]
FAILED tests/unit/test_cellprofiler_full_stack_materialization.py::test_every_full_stack_processing_family_materializes_image_and_image_kwargs[1-ProcessingContract.PURE_2D]
FAILED tests/unit/test_cellprofiler_full_stack_materialization.py::test_every_full_stack_processing_family_materializes_image_and_image_kwargs[1-ProcessingContract.FLEXIBLE]
FAILED tests/unit/test_cellprofiler_full_stack_materialization.py::test_every_full_stack_processing_family_materializes_image_and_image_kwargs[1-ProcessingContract.VOLUMETRIC_TO_SLICE]
FAILED tests/unit/test_cellprofiler_full_stack_materialization.py::test_every_full_stack_processing_family_materializes_image_and_image_kwargs[2-ProcessingContract.PURE_3D]
FAILED tests/unit/test_cellprofiler_full_stack_materialization.py::test_every_full_stack_processing_family_materializes_image_and_image_kwargs[2-ProcessingContract.PURE_2D]
FAILED tests/unit/test_cellprofiler_full_stack_materialization.py::test_every_full_stack_processing_family_materializes_image_and_image_kwargs[2-ProcessingContract.FLEXIBLE]
FAILED tests/unit/test_cellprofiler_full_stack_materialization.py::test_every_full_stack_processing_family_materializes_image_and_image_kwargs[2-ProcessingContract.VOLUMETRIC_TO_SLICE]
FAILED tests/unit/test_cellprofiler_full_stack_materialization.py::test_aligned_materialization_retains_masks_calibration_and_exact_contributors
FAILED tests/unit/test_cellprofiler_full_stack_materialization.py::test_named_output_bundle_materializes_its_own_source_binding_axis
FAILED tests/unit/test_cellprofiler_full_stack_materialization.py::test_independent_composition_capabilities_cooperate_in_both_mro_orders[False]
FAILED tests/unit/test_cellprofiler_full_stack_materialization.py::test_independent_composition_capabilities_cooperate_in_both_mro_orders[True]
13 failed, 97 passed, 2 warnings in 4.35s
Command exited with non-zero status 1
	Command being timed: "/home/ts/wt/openhcs-s1-installed-parent-20261001/.venv/bin/python diagnostics/run_source_tests.py -q tests/unit/test_cellprofiler_full_stack_materialization.py tests/unit/test_cellprofiler_function_contract_execution.py tests/unit/test_runtime_slice_projection.py tests/unit/test_runtime_image_singleton_alignment.py tests/unit/test_aligned_main_flow_projection.py tests/unit/test_aligned_output_projection.py tests/unit/test_aligned_image_payload_device.py tests/unit/test_aligned_image_payload_registry.py --junitxml=diagnostics/complete-owned-families.xml"
	User time (seconds): 4.79
	System time (seconds): 0.30
	Percent of CPU this job got: 99%
	Elapsed (wall clock) time (h:mm:ss or m:ss): 0:05.15
	Average shared text size (kbytes): 0
	Average unshared data size (kbytes): 0
	Average stack size (kbytes): 0
	Average total size (kbytes): 0
	Maximum resident set size (kbytes): 325096
	Average resident set size (kbytes): 0
	Major (requiring I/O) page faults: 17
	Minor (reclaiming a frame) page faults: 52978
	Voluntary context switches: 27
	Involuntary context switches: 28
	Swaps: 0
	File system inputs: 944
	File system outputs: 496
	Socket messages sent: 0
	Socket messages received: 0
	Signals delivered: 0
	Page size (bytes): 4096
	Exit status: 1
