Running as unit: run-p818047-i13391681.scope; invocation ID: e7368d61945f49c0a3b4aa711e587423
source root: /home/ts/wt/openhcs-cp-aligned-materialization-20261001
native artifact: /home/ts/wt/openhcs-s1-installed-parent-20261001/.venv/lib/python3.12/site-packages/openhcs/core/_tabular_native.abi3.so
.........FF...................................                           [100%]
=================================== FAILURES ===================================
_ test_aligned_materialization_retains_masks_calibration_and_exact_contributors _

    def test_aligned_materialization_retains_masks_calibration_and_exact_contributors():
        spacing = SourceVoxelSpacing((1.25, 2.5, 3.0), SourceVoxelSpacingUnit.MICROMETERS)
        sources = []
        expected_paths = []
        for channel, alias in ((1, "DNA"), (2, "actin")):
            paths = tuple(f"/synthetic/A01_s{site}_w{channel}.tif" for site in (1, 2))
            expected_paths.extend(paths)
>           metadata = ImagePayloadMetadata(
                plane_axis=RuntimePlaneAxis.RUNTIME_SLICE,
                source_image_names=(alias,),
                source_image_provenance_planes=SourceImageProvenancePlanes.from_components(
                    paths=paths,
                    component_metadata=tuple(
                        {"well": "A01", "site": str(site), "channel": str(channel)}
                        for site in (1, 2)
                    ),
                ),
                source_voxel_spacing=spacing,
                source_dtype="uint8",
                intensity_scale=255.0,
                source_spatial_shape_yx=(3, 4),
                spatial_origin_yx=(0, 0),
            )
E           TypeError: ImagePayloadMetadata.__init__() got an unexpected keyword argument 'source_spatial_shape_yx'

tests/unit/test_cellprofiler_full_stack_materialization.py:117: TypeError
______ test_named_output_bundle_materializes_its_own_source_binding_axis _______

    def test_named_output_bundle_materializes_its_own_source_binding_axis():
        planes = tuple(np.full((3, 4), index, dtype=np.float32) for index in (1, 2))
        bundle = ImageOutputBundle(
            planes,
            tuple(
                AlignedImageSliceContext.main_flow(name, artifact_kind="image")
                for name in ("red", "green")
            ),
        )
        dense = RuntimeSliceProjection.full_stack_value(bundle)
>       assert image_payload_metadata(dense).plane_axis is RuntimePlaneAxis.SOURCE_BINDING
E       AssertionError: assert None is <RuntimePlaneAxis.SOURCE_BINDING: 'source_binding'>
E        +  where None = ImagePayloadMetadata(source_voxel_spacing=SourceVoxelSpacing(values_zyx=(), unit=<SourceVoxelSpacingUnit.MICROMETERS: ...ce_plane_dtypes=(), physical_border_edges_yx=None, mask_defines_border=None, source_channel_axis=None, plane_axis=None).plane_axis
E        +    where ImagePayloadMetadata(source_voxel_spacing=SourceVoxelSpacing(values_zyx=(), unit=<SourceVoxelSpacingUnit.MICROMETERS: ...ce_plane_dtypes=(), physical_border_edges_yx=None, mask_defines_border=None, source_channel_axis=None, plane_axis=None) = image_payload_metadata(ImageOutputBundle(slices=(array([[1., 1., 1., 1.],\n       [1., 1., 1., 1.],\n       [1., 1., 1., 1.]], dtype=float32), ...age'), AlignedImageSliceContext(output_kind='main', output_key='green', projection_key='main', artifact_kind='image'))))
E        +  and   <RuntimePlaneAxis.SOURCE_BINDING: 'source_binding'> = RuntimePlaneAxis.SOURCE_BINDING

tests/unit/test_cellprofiler_full_stack_materialization.py:187: AssertionError
=============================== warnings summary ===============================
../../code/projects/openhcs/.venv/lib/python3.12/site-packages/_pytest/config/__init__.py:1441
  /home/ts/code/projects/openhcs/.venv/lib/python3.12/site-packages/_pytest/config/__init__.py:1441: PytestConfigWarning: Unknown config option: asyncio_default_fixture_loop_scope
  
    self._warn_or_fail_if_strict(f"Unknown config option: {key}\n")

../../code/projects/openhcs/.venv/lib/python3.12/site-packages/_pytest/config/__init__.py:1441
  /home/ts/code/projects/openhcs/.venv/lib/python3.12/site-packages/_pytest/config/__init__.py:1441: PytestConfigWarning: Unknown config option: asyncio_mode
  
    self._warn_or_fail_if_strict(f"Unknown config option: {key}\n")

-- Docs: https://docs.pytest.org/en/stable/how-to/capture-warnings.html
- generated xml file: /home/ts/wt/openhcs-cp-aligned-materialization-20261001/diagnostics/family-controls.xml -
=========================== short test summary info ============================
FAILED tests/unit/test_cellprofiler_full_stack_materialization.py::test_aligned_materialization_retains_masks_calibration_and_exact_contributors
FAILED tests/unit/test_cellprofiler_full_stack_materialization.py::test_named_output_bundle_materializes_its_own_source_binding_axis
2 failed, 44 passed, 2 warnings in 3.57s
Command exited with non-zero status 1
	Command being timed: "/home/ts/wt/openhcs-s1-installed-parent-20261001/.venv/bin/python diagnostics/run_source_tests.py -q tests/unit/test_cellprofiler_full_stack_materialization.py tests/unit/test_cellprofiler_function_contract_execution.py --junitxml=diagnostics/family-controls.xml"
	User time (seconds): 3.27
	System time (seconds): 0.27
	Percent of CPU this job got: 77%
	Elapsed (wall clock) time (h:mm:ss or m:ss): 0:04.59
	Average shared text size (kbytes): 0
	Average unshared data size (kbytes): 0
	Average stack size (kbytes): 0
	Average total size (kbytes): 0
	Maximum resident set size (kbytes): 306600
	Average resident set size (kbytes): 0
	Major (requiring I/O) page faults: 2
	Minor (reclaiming a frame) page faults: 48322
	Voluntary context switches: 5
	Involuntary context switches: 407
	Swaps: 0
	File system inputs: 56
	File system outputs: 128
	Socket messages sent: 0
	Socket messages received: 0
	Signals delivered: 0
	Page size (bytes): 4096
	Exit status: 1
