Running as unit: run-p820746-i13427978.scope; invocation ID: 09e0b7d729e04b9c9302d3cccd0c4bb3
source root: /home/ts/wt/openhcs-cp-aligned-materialization-20261001
native artifact: /home/ts/wt/openhcs-s1-installed-parent-20261001/.venv/lib/python3.12/site-packages/openhcs/core/_tabular_native.abi3.so
.........F....................................                           [100%]
=================================== FAILURES ===================================
_ test_aligned_materialization_retains_masks_calibration_and_exact_contributors _

    def test_aligned_materialization_retains_masks_calibration_and_exact_contributors():
        spacing = SourceVoxelSpacing((1.25, 2.5, 3.0), SourceVoxelSpacingUnit.MICROMETERS)
        sources = []
        expected_paths = []
        for channel, alias in ((1, "DNA"), (2, "actin")):
            paths = tuple(f"/synthetic/A01_s{site}_w{channel}.tif" for site in (1, 2))
            expected_paths.extend(paths)
            metadata = ImagePayloadMetadata(
                plane_axis=RuntimePlaneAxis.RUNTIME_SLICE,
                source_image_names=(alias,),
                source_image_provenance_planes=SourceImageProvenancePlanes.from_components(
                    paths=paths,
                    component_metadata=tuple(
                        {"well": "A01", "site": str(site), "channel": str(channel)}
                        for site in (1, 2)
                    ),
                ),
                source_voxel_spacing=spacing,
                source_dtype="uint8",
                intensity_scale=255.0,
                source_spatial_domain=SourceSpatialDomain(
                    source_shape_yx=(3, 4), origin_yx=(0, 0)
                ),
            )
            pixels = np.full((2, 3, 4), channel, dtype=np.float32)
            mask = np.ones_like(pixels, dtype=bool)
            mask[0, 0, 0] = False
            sources.append(metadata.payload_with(pixels, mask))
        composed = compose_aligned_image_payload(
            "matched synthetic inputs", tuple(sources)
        ).payload
>       dense = RuntimeSliceProjection.full_stack_value(composed)

tests/unit/test_cellprofiler_full_stack_materialization.py:142: 
_ _ _ _ _ _ _ _ _ _ _ _ _ _ _ _ _ _ _ _ _ _ _ _ _ _ _ _ _ _ _ _ _ _ _ _ _ _ _ _ 
openhcs/core/runtime_slice_projection.py:898: in full_stack_value
    ).full_stack_value(value)
openhcs/core/runtime_slice_projection.py:514: in full_stack_value
    return cast(AlignedImageStack, value).compose()
openhcs/core/aligned_image_payload.py:440: in compose
    return metadata.payload_with(composed, self.compose_mask(composed, metadata))
openhcs/core/runtime_image_values.py:785: in payload_with
    return MaskedImagePayload(data=data, mask=mask, metadata=self)
<string>:6: in __init__
    ???
_ _ _ _ _ _ _ _ _ _ _ _ _ _ _ _ _ _ _ _ _ _ _ _ _ _ _ _ _ _ _ _ _ _ _ _ _ _ _ _ 

self = MaskedImagePayload(data=array([[[[1., 1., 1., 1.],
         [1., 1., 1., 1.],
         [1., 1., 1., 1.]],

        [[2...one, mask_defines_border=None, source_channel_axis=None, plane_axis=<RuntimePlaneAxis.RUNTIME_SLICE: 'runtime_slice'>))

    def __post_init__(self) -> None:
        data_geometry = ArrayGeometry.require_from_value(
            self.data,
            value_name="MaskedImagePayload.data",
        )
        if data_geometry.ndim == 0:
            raise TypeError(
                "MaskedImagePayload.data requires array-like image data, "
                f"got {type(self.data).__name__}."
            )
        mask_shape = ArrayGeometry.require_from_value(
            self.mask,
            value_name="MaskedImagePayload.mask",
        ).shape
        if not mask_shape:
            raise TypeError(
                "MaskedImagePayload.mask requires array-like mask data, "
                f"got {type(self.mask).__name__}."
            )
        data_shape = data_geometry.shape
        if not self.metadata.mask_domain(self.data).accepts(mask_shape):
>           raise ValueError(
                "MaskedImagePayload.mask shape must match the image spatial "
                f"domain; got mask {mask_shape!r} for image {data_shape!r}."
            )
E           ValueError: MaskedImagePayload.mask shape must match the image spatial domain; got mask (2, 3, 4) for image (2, 2, 3, 4).

openhcs/core/runtime_image_values.py:1246: ValueError
=============================== warnings summary ===============================
../../code/projects/openhcs/.venv/lib/python3.12/site-packages/_pytest/config/__init__.py:1441
  /home/ts/code/projects/openhcs/.venv/lib/python3.12/site-packages/_pytest/config/__init__.py:1441: PytestConfigWarning: Unknown config option: asyncio_default_fixture_loop_scope
  
    self._warn_or_fail_if_strict(f"Unknown config option: {key}\n")

../../code/projects/openhcs/.venv/lib/python3.12/site-packages/_pytest/config/__init__.py:1441
  /home/ts/code/projects/openhcs/.venv/lib/python3.12/site-packages/_pytest/config/__init__.py:1441: PytestConfigWarning: Unknown config option: asyncio_mode
  
    self._warn_or_fail_if_strict(f"Unknown config option: {key}\n")

-- Docs: https://docs.pytest.org/en/stable/how-to/capture-warnings.html
- generated xml file: /home/ts/wt/openhcs-cp-aligned-materialization-20261001/diagnostics/family-controls-corrected.xml -
=========================== short test summary info ============================
FAILED tests/unit/test_cellprofiler_full_stack_materialization.py::test_aligned_materialization_retains_masks_calibration_and_exact_contributors
1 failed, 45 passed, 2 warnings in 2.68s
Command exited with non-zero status 1
	Command being timed: "/home/ts/wt/openhcs-s1-installed-parent-20261001/.venv/bin/python diagnostics/run_source_tests.py -q tests/unit/test_cellprofiler_full_stack_materialization.py tests/unit/test_cellprofiler_function_contract_execution.py --junitxml=diagnostics/family-controls-corrected.xml"
	User time (seconds): 3.16
	System time (seconds): 0.29
	Percent of CPU this job got: 99%
	Elapsed (wall clock) time (h:mm:ss or m:ss): 0:03.48
	Average shared text size (kbytes): 0
	Average unshared data size (kbytes): 0
	Average stack size (kbytes): 0
	Average total size (kbytes): 0
	Maximum resident set size (kbytes): 309204
	Average resident set size (kbytes): 0
	Major (requiring I/O) page faults: 1
	Minor (reclaiming a frame) page faults: 50492
	Voluntary context switches: 3
	Involuntary context switches: 26
	Swaps: 0
	File system inputs: 8
	File system outputs: 408
	Socket messages sent: 0
	Socket messages received: 0
	Signals delivered: 0
	Page size (bytes): 4096
	Exit status: 1
