Running as unit: run-p851644-i13389581.scope; invocation ID: 25c0c584cd6f43e3b74de0fac8d05ea8
source root: /home/ts/wt/openhcs-cp-aligned-materialization-20261001
native artifact: /home/ts/wt/openhcs-s1-installed-parent-20261001/.venv/lib/python3.12/site-packages/openhcs/core/_tabular_native.abi3.so
.............................................                            [100%]
=============================== warnings summary ===============================
../../code/projects/openhcs/.venv/lib/python3.12/site-packages/_pytest/config/__init__.py:1441
  /home/ts/code/projects/openhcs/.venv/lib/python3.12/site-packages/_pytest/config/__init__.py:1441: PytestConfigWarning: Unknown config option: asyncio_default_fixture_loop_scope
  
    self._warn_or_fail_if_strict(f"Unknown config option: {key}\n")

../../code/projects/openhcs/.venv/lib/python3.12/site-packages/_pytest/config/__init__.py:1441
  /home/ts/code/projects/openhcs/.venv/lib/python3.12/site-packages/_pytest/config/__init__.py:1441: PytestConfigWarning: Unknown config option: asyncio_mode
  
    self._warn_or_fail_if_strict(f"Unknown config option: {key}\n")

-- Docs: https://docs.pytest.org/en/stable/how-to/capture-warnings.html
- generated xml file: /home/ts/wt/openhcs-cp-aligned-materialization-20261001/diagnostics/final-consumer-regressions-corrected.xml -
45 passed, 2 warnings in 4.11s
	Command being timed: "/home/ts/wt/openhcs-s1-installed-parent-20261001/.venv/bin/python diagnostics/run_source_tests.py -q tests/unit/test_source_image_provenance.py tests/unit/test_source_image_provenance_hotpath.py tests/unit/test_derived_runtime_image_provenance.py tests/unit/test_cellprofiler_runtime_input_binding_contract.py tests/unit/test_cellprofiler_artifact_activation_identity.py --junitxml=diagnostics/final-consumer-regressions-corrected.xml"
	User time (seconds): 5.00
	System time (seconds): 0.28
	Percent of CPU this job got: 98%
	Elapsed (wall clock) time (h:mm:ss or m:ss): 0:05.35
	Average shared text size (kbytes): 0
	Average unshared data size (kbytes): 0
	Average stack size (kbytes): 0
	Average total size (kbytes): 0
	Maximum resident set size (kbytes): 372804
	Average resident set size (kbytes): 0
	Major (requiring I/O) page faults: 55
	Minor (reclaiming a frame) page faults: 59106
	Voluntary context switches: 89
	Involuntary context switches: 33
	Swaps: 0
	File system inputs: 2336
	File system outputs: 144
	Socket messages sent: 0
	Socket messages received: 0
	Signals delivered: 0
	Page size (bytes): 4096
	Exit status: 0
