Running as unit: run-p821979-i13439347.scope; invocation ID: 74faa71f68444ca39ef75065ca49c1ed
source root: /home/ts/wt/openhcs-cp-aligned-materialization-20261001
native artifact: /home/ts/wt/openhcs-s1-installed-parent-20261001/.venv/lib/python3.12/site-packages/openhcs/core/_tabular_native.abi3.so
baseline executor ref: 20ca4f825
F                                                                        [100%]
=================================== FAILURES ===================================
______ test_real_rescale_full_stack_materializes_composed_runtime_sources ______

    def test_real_rescale_full_stack_materializes_composed_runtime_sources():
        data = np.arange(24, dtype=np.float32).reshape(2, 3, 4)
        source = ImagePayloadMetadata(
            plane_axis=RuntimePlaneAxis.RUNTIME_SLICE
        ).payload_with(data, None)
        composition = compose_aligned_image_payload(
            "synthetic source inputs", (source, source)
        )
        assert isinstance(composition.payload, AlignedImageStack)
        contract = CallableContract.from_callable(rescale_intensity)
>       result = CellProfilerFunctionContractExecutor().execute(
            contract,
            contract.resolve_canonical_raw_callable(),
            composition.payload,
            {},
            execution_mode=contract.runtime_image_execution_mode,
        )

tests/unit/test_cellprofiler_full_stack_materialization.py:47: 
_ _ _ _ _ _ _ _ _ _ _ _ _ _ _ _ _ _ _ _ _ _ _ _ _ _ _ _ _ _ _ _ _ _ _ _ _ _ _ _ 
git:20ca4f825:function_contract_execution.py:148: in execute
    ???
git:20ca4f825:function_contract_execution.py:330: in execute_pure_3d
    ???
openhcs/processing/backends/lib_registry/unified_registry.py:263: in call
    return target(
openhcs/processing/backends/cellprofiler/intensity.py:1877: in rescale_intensity
    context = RescaleIntensityContext.from_settings(
_ _ _ _ _ _ _ _ _ _ _ _ _ _ _ _ _ _ _ _ _ _ _ _ _ _ _ _ _ _ _ _ _ _ _ _ _ _ _ _ 

cls = <class 'openhcs.processing.backends.cellprofiler.intensity.RescaleIntensityContext'>
image = AlignedImageStack(slices=(ImageMetadataPayload(data=array([[[ 0.,  1.,  2.,  3.],
        [ 4.,  5.,  6.,  7.],
      ...r=None, source_channel_axis=None, plane_axis=<RuntimePlaneAxis.SOURCE_BINDING: 'source_binding'>))), slice_contexts=())

    @classmethod
    def from_settings(
        cls,
        image: np.ndarray,
        *,
        automatic_low: AutomaticLow,
        automatic_high: AutomaticHigh,
        source_low: float,
        source_high: float,
        dest_low: float,
        dest_high: float,
        divisor_value: float,
    ) -> "RescaleIntensityContext":
        source_data = np.asarray(image_payload_data(image))
        return cls(
>           data=source_data.astype(np.float32, copy=False),
            automatic_low=coerce_cellprofiler_enum(AutomaticLow, automatic_low),
            automatic_high=coerce_cellprofiler_enum(AutomaticHigh, automatic_high),
            source_low=source_low,
            source_high=source_high,
            dest_low=dest_low,
            dest_high=dest_high,
            divisor_value=divisor_value,
        )
E       TypeError: float() argument must be a string or a real number, not 'AlignedImageStack'

openhcs/processing/backends/cellprofiler/intensity.py:1712: TypeError
=============================== warnings summary ===============================
../../code/projects/openhcs/.venv/lib/python3.12/site-packages/_pytest/config/__init__.py:1441
  /home/ts/code/projects/openhcs/.venv/lib/python3.12/site-packages/_pytest/config/__init__.py:1441: PytestConfigWarning: Unknown config option: asyncio_default_fixture_loop_scope
  
    self._warn_or_fail_if_strict(f"Unknown config option: {key}\n")

../../code/projects/openhcs/.venv/lib/python3.12/site-packages/_pytest/config/__init__.py:1441
  /home/ts/code/projects/openhcs/.venv/lib/python3.12/site-packages/_pytest/config/__init__.py:1441: PytestConfigWarning: Unknown config option: asyncio_mode
  
    self._warn_or_fail_if_strict(f"Unknown config option: {key}\n")

-- Docs: https://docs.pytest.org/en/stable/how-to/capture-warnings.html
- generated xml file: /home/ts/wt/openhcs-cp-aligned-materialization-20261001/diagnostics/frozen-executor-reproducer.xml -
=========================== short test summary info ============================
FAILED tests/unit/test_cellprofiler_full_stack_materialization.py::test_real_rescale_full_stack_materializes_composed_runtime_sources
1 failed, 13 deselected, 2 warnings in 0.73s
Command exited with non-zero status 1
	Command being timed: "/home/ts/wt/openhcs-s1-installed-parent-20261001/.venv/bin/python diagnostics/run_source_tests.py -q tests/unit/test_cellprofiler_full_stack_materialization.py -k real_rescale --junitxml=diagnostics/frozen-executor-reproducer.xml"
	User time (seconds): 2.45
	System time (seconds): 0.21
	Percent of CPU this job got: 99%
	Elapsed (wall clock) time (h:mm:ss or m:ss): 0:02.68
	Average shared text size (kbytes): 0
	Average unshared data size (kbytes): 0
	Average stack size (kbytes): 0
	Average total size (kbytes): 0
	Maximum resident set size (kbytes): 285564
	Average resident set size (kbytes): 0
	Major (requiring I/O) page faults: 0
	Minor (reclaiming a frame) page faults: 41894
	Voluntary context switches: 10
	Involuntary context switches: 25
	Swaps: 0
	File system inputs: 0
	File system outputs: 64
	Socket messages sent: 0
	Socket messages received: 0
	Signals delivered: 0
	Page size (bytes): 4096
	Exit status: 1
