Running as unit: run-p792461-i13332203.scope; invocation ID: 4284e2fc31094171b2b323910bad8990
Traceback (most recent call last):
  File "<frozen runpy>", line 198, in _run_module_as_main
  File "<frozen runpy>", line 88, in _run_code
  File "/home/ts/code/projects/nominal-refactor-advisor/nominal_refactor_advisor/__main__.py", line 4, in <module>
    raise SystemExit(process_main())
                     ^^^^^^^^^^^^^^
  File "/home/ts/code/projects/nominal-refactor-advisor/nominal_refactor_advisor/cli.py", line 4270, in process_main
    return main(hard_exit_on_deadline=True)
           ^^^^^^^^^^^^^^^^^^^^^^^^^^^^^^^^
  File "/home/ts/.local/share/uv/python/cpython-3.11-linux-x86_64-gnu/lib/python3.11/contextlib.py", line 81, in inner
    return func(*args, **kwds)
           ^^^^^^^^^^^^^^^^^^^
  File "/home/ts/code/projects/nominal-refactor-advisor/nominal_refactor_advisor/cli.py", line 4259, in main
    return _main_without_deadline(invocation)
           ^^^^^^^^^^^^^^^^^^^^^^^^^^^^^^^^^^
  File "/home/ts/code/projects/nominal-refactor-advisor/nominal_refactor_advisor/cli.py", line 3974, in _main_without_deadline
    analysis_result = analyze_modules_with_cache(
                      ^^^^^^^^^^^^^^^^^^^^^^^^^^^
  File "/home/ts/.local/share/uv/python/cpython-3.11-linux-x86_64-gnu/lib/python3.11/contextlib.py", line 81, in inner
    return func(*args, **kwds)
           ^^^^^^^^^^^^^^^^^^^
  File "/home/ts/code/projects/nominal-refactor-advisor/nominal_refactor_advisor/analysis.py", line 3650, in analyze_modules_with_cache
    focused_cache_identity = AnalysisCacheIdentity.from_modules(
                             ^^^^^^^^^^^^^^^^^^^^^^^^^^^^^^^^^^^
  File "/home/ts/code/projects/nominal-refactor-advisor/nominal_refactor_advisor/analysis_cache.py", line 875, in from_modules
    report_filter_roots=tuple(
                        ^^^^^^
  File "/home/ts/code/projects/nominal-refactor-advisor/nominal_refactor_advisor/analysis_cache.py", line 876, in <genexpr>
    checkout_relative_path(report_root, roots)
  File "/home/ts/code/projects/nominal-refactor-advisor/nominal_refactor_advisor/cache_checkout.py", line 115, in checkout_relative_path
    return _admitted_checkout_path(lexical_path, observed_roots)
           ^^^^^^^^^^^^^^^^^^^^^^^^^^^^^^^^^^^^^^^^^^^^^^^^^^^^^
  File "/home/ts/code/projects/nominal-refactor-advisor/nominal_refactor_advisor/scan_cache.py", line 45, in invoke
    return implementation(*args, **kwargs)
           ^^^^^^^^^^^^^^^^^^^^^^^^^^^^^^^
  File "/home/ts/code/projects/nominal-refactor-advisor/nominal_refactor_advisor/cache_checkout.py", line 49, in _admitted_checkout_path
    raise CacheCheckoutPathError(f"{candidate} {reason}")
nominal_refactor_advisor.cache_checkout.CacheCheckoutPathError: /home/ts/wt/openhcs-cp-aligned-materialization-20261001/openhcs outside every admitted root
Command exited with non-zero status 1
	Command being timed: "/home/ts/code/projects/nominal-refactor-advisor/.venv/bin/python -m nominal_refactor_advisor openhcs --context-root /home/ts/wt/basicpy-live-candidate-20260930/external --json --raw-findings --json-payload full --parse-workers 1 --analysis-workers 1 --no-cache"
	User time (seconds): 0.88
	System time (seconds): 0.05
	Percent of CPU this job got: 98%
	Elapsed (wall clock) time (h:mm:ss or m:ss): 0:00.95
	Average shared text size (kbytes): 0
	Average unshared data size (kbytes): 0
	Average stack size (kbytes): 0
	Average total size (kbytes): 0
	Maximum resident set size (kbytes): 60700
	Average resident set size (kbytes): 0
	Major (requiring I/O) page faults: 0
	Minor (reclaiming a frame) page faults: 13017
	Voluntary context switches: 15
	Involuntary context switches: 5
	Swaps: 0
	File system inputs: 712
	File system outputs: 0
	Socket messages sent: 0
	Socket messages received: 0
	Signals delivered: 0
	Page size (bytes): 4096
	Exit status: 1
