Running as unit: run-p794985-i13374683.scope; invocation ID: 08466ebbae644e88a01df4ae29b65c99
Command exited with non-zero status 124
	Command being timed: "/home/ts/code/projects/nominal-refactor-advisor/.venv/bin/python -m nominal_refactor_advisor openhcs --context-root openhcs --context-root /home/ts/wt/openhcs-s1-installed-parent-20261001/external --json --raw-findings --json-payload full --parse-workers 1 --analysis-workers 1 --no-cache"
	User time (seconds): 20.20
	System time (seconds): 0.50
	Percent of CPU this job got: 99%
	Elapsed (wall clock) time (h:mm:ss or m:ss): 0:20.89
	Average shared text size (kbytes): 0
	Average unshared data size (kbytes): 0
	Average stack size (kbytes): 0
	Average total size (kbytes): 0
	Maximum resident set size (kbytes): 511664
	Average resident set size (kbytes): 0
	Major (requiring I/O) page faults: 0
	Minor (reclaiming a frame) page faults: 174621
	Voluntary context switches: 152
	Involuntary context switches: 147
	Swaps: 0
	File system inputs: 9896
	File system outputs: 8
	Socket messages sent: 0
	Socket messages received: 0
	Signals delivered: 0
	Page size (bytes): 4096
	Exit status: 124
