Running as unit: run-p822498-i13407678.scope; invocation ID: 8d17818f726c465ca717574fa79a0469
source root: /home/ts/wt/openhcs-cp-aligned-materialization-20261001
native artifact: /home/ts/wt/openhcs-s1-installed-parent-20261001/.venv/lib/python3.12/site-packages/openhcs/core/_tabular_native.abi3.so
.................................F...........                            [100%]
=================================== FAILURES ===================================
________ test_callable_abi_keeps_main_flow_artifacts_in_trailing_slots _________

    def test_callable_abi_keeps_main_flow_artifacts_in_trailing_slots() -> None:
        source = ArtifactSpec.input("Input", ImageArtifactType)
        measurements = ArtifactSpec.output("Measurements", MeasurementsArtifactType)
        labels = ArtifactSpec.output(
            "Objects",
            ObjectLabelsArtifactType,
            relations=(GroupLineageSourceRelation(source=source.ref()),),
        )
    
        for func in (identify_primary_objects, watershed_cellprofiler4):
            contract = _contract(func, (source,))
            contract = replace(
                contract,
                metadata=replace(
                    contract.metadata,
                    artifact_outputs=(measurements, labels),
                ),
            )
    
>           CellProfilerModuleCallableABI.validate_callable_artifact_abi(func, contract)

tests/unit/test_cellprofiler_runtime_input_binding_contract.py:675: 
_ _ _ _ _ _ _ _ _ _ _ _ _ _ _ _ _ _ _ _ _ _ _ _ _ _ _ _ _ _ _ _ _ _ _ _ _ _ _ _ 

cls = <class 'openhcs.interop.cellprofiler.module_callable_abi.CellProfilerModuleCallableABI'>
func = <function identify_primary_objects at 0x7f8f189c6ca0>
contract = CallableContract(func=<function identify_primary_objects at 0x7f8f189c6ca0>, function_name='identify_primary_objects',...imary_image_carrier_requirement=None, primary_image_carrier_transition=None), runtime_batch_executors=mappingproxy({}))

    @classmethod
    def validate_callable_artifact_abi(
        cls,
        func: "Callable[..., RuntimeFunctionOutput]",
        contract: CallableContract,
    ) -> None:
        """Validate one raw callable ABI against its callable artifact declarations."""
    
        from openhcs.core.aligned_image_payload import AlignedImageStack
    
        module_name = contract.module_name
        if not isinstance(module_name, str) or not module_name:
            raise ValueError("CellProfiler callable contract requires a module name.")
        declared_outputs = contract.artifact_outputs
        invalid_source_context_outputs = tuple(
            (spec.ref(), sources)
            for spec in declared_outputs
            for sources in (spec.source_context_sources(),)
            if spec.artifact_type.carries_source_image_context and len(sources) != 1
        )
        if invalid_source_context_outputs:
            raise ValueError(
                f"CellProfiler module {module_name!r} image/object outputs "
                "must declare exactly one runtime-context source: "
                f"{invalid_source_context_outputs!r}."
            )
        return_annotation = get_type_hints(func).get("return", inspect.Signature.empty)
        return_variants = _callable_return_slot_variants(return_annotation)
        canonical_outputs = contract.canonical_return_output_specs
        trailing_outputs = contract.trailing_return_output_specs
        expected_slot_count = len(trailing_outputs) + 1
        matching_variants = tuple(
            slots for slots in return_variants if len(slots) == expected_slot_count
        )
        if not matching_variants:
>           raise ValueError(
                f"callable {func.__name__!r} return annotation "
                f"{return_annotation!r} does not declare the canonical return "
                f"followed by exactly {len(trailing_outputs)} trailing "
                "artifact-output slot(s)."
            )
E           ValueError: callable 'identify_primary_objects' return annotation typing.Tuple[numpy.ndarray, openhcs.core.measurement_row_materialization.DataclassMeasurementColumnarRows, openhcs.core.runtime_object_labels.ObjectLabelPayload, openhcs.core.runtime_image_values.MaskedImagePayload, openhcs.core.runtime_image_values.MaskedImagePayload, openhcs.core.runtime_image_values.MaskedImagePayload, openhcs.core.runtime_image_values.MaskedImagePayload, openhcs.core.runtime_image_values.MaskedImagePayload, openhcs.core.runtime_image_values.MaskedImagePayload, openhcs.core.runtime_image_values.MaskedImagePayload] does not declare the canonical return followed by exactly 2 trailing artifact-output slot(s).

openhcs/interop/cellprofiler/module_callable_abi.py:300: ValueError
=============================== warnings summary ===============================
../../code/projects/openhcs/.venv/lib/python3.12/site-packages/_pytest/config/__init__.py:1441
  /home/ts/code/projects/openhcs/.venv/lib/python3.12/site-packages/_pytest/config/__init__.py:1441: PytestConfigWarning: Unknown config option: asyncio_default_fixture_loop_scope
  
    self._warn_or_fail_if_strict(f"Unknown config option: {key}\n")

../../code/projects/openhcs/.venv/lib/python3.12/site-packages/_pytest/config/__init__.py:1441
  /home/ts/code/projects/openhcs/.venv/lib/python3.12/site-packages/_pytest/config/__init__.py:1441: PytestConfigWarning: Unknown config option: asyncio_mode
  
    self._warn_or_fail_if_strict(f"Unknown config option: {key}\n")

-- Docs: https://docs.pytest.org/en/stable/how-to/capture-warnings.html
- generated xml file: /home/ts/wt/openhcs-cp-aligned-materialization-20261001/diagnostics/provenance-contract-regressions.xml -
=========================== short test summary info ============================
FAILED tests/unit/test_cellprofiler_runtime_input_binding_contract.py::test_callable_abi_keeps_main_flow_artifacts_in_trailing_slots
1 failed, 44 passed, 2 warnings in 4.71s
Command exited with non-zero status 1
	Command being timed: "/home/ts/wt/openhcs-s1-installed-parent-20261001/.venv/bin/python diagnostics/run_source_tests.py -q tests/unit/test_source_image_provenance.py tests/unit/test_source_image_provenance_hotpath.py tests/unit/test_derived_runtime_image_provenance.py tests/unit/test_cellprofiler_runtime_input_binding_contract.py tests/unit/test_cellprofiler_artifact_activation_identity.py --junitxml=diagnostics/provenance-contract-regressions.xml"
	User time (seconds): 5.63
	System time (seconds): 0.36
	Percent of CPU this job got: 98%
	Elapsed (wall clock) time (h:mm:ss or m:ss): 0:06.05
	Average shared text size (kbytes): 0
	Average unshared data size (kbytes): 0
	Average stack size (kbytes): 0
	Average total size (kbytes): 0
	Maximum resident set size (kbytes): 380652
	Average resident set size (kbytes): 0
	Major (requiring I/O) page faults: 8
	Minor (reclaiming a frame) page faults: 60960
	Voluntary context switches: 22
	Involuntary context switches: 36
	Swaps: 0
	File system inputs: 408
	File system outputs: 6080
	Socket messages sent: 0
	Socket messages received: 0
	Signals delivered: 0
	Page size (bytes): 4096
	Exit status: 1
