Running as unit: run-p843977-i13393447.scope; invocation ID: 26cbfff711a7439688ae2c34822627f3
Traceback (most recent call last):
  File "<frozen runpy>", line 189, in _run_module_as_main
  File "<frozen runpy>", line 112, in _get_module_details
  File "/home/ts/.cache/uv/archive-v0/E-EBIFdHrL_Wo3vh/agent_comms/__init__.py", line 5, in <module>
    from .exporting import (
  File "/home/ts/.cache/uv/archive-v0/E-EBIFdHrL_Wo3vh/agent_comms/exporting.py", line 25, in <module>
    from .registration import Registration
  File "/home/ts/.cache/uv/archive-v0/E-EBIFdHrL_Wo3vh/agent_comms/registration.py", line 15, in <module>
    from .native_input_owner import RegistryOwner
  File "/home/ts/.cache/uv/archive-v0/E-EBIFdHrL_Wo3vh/agent_comms/native_input_owner.py", line 19, in <module>
    from .native_admission_rules import (
  File "/home/ts/.cache/uv/archive-v0/E-EBIFdHrL_Wo3vh/agent_comms/native_admission_rules.py", line 11, in <module>
    from .reservation_rules import ReservationRule, RuleCheck
  File "/home/ts/.cache/uv/archive-v0/E-EBIFdHrL_Wo3vh/agent_comms/reservation_rules.py", line 12, in <module>
    from .selected_source import SelectedAdmissionSource, SelectedSource, SessionRevision
  File "/home/ts/.cache/uv/archive-v0/E-EBIFdHrL_Wo3vh/agent_comms/selected_source.py", line 20, in <module>
    class SelectedSource(DeclaredFamily, affix="Source"):
  File "/home/ts/.cache/uv/archive-v0/E-EBIFdHrL_Wo3vh/agent_comms/selected_source.py", line 36, in SelectedSource
    def original_has_started(self, inputs: InputDocument) -> bool:
                                           ^^^^^^^^^^^^^
NameError: name 'InputDocument' is not defined
Command exited with non-zero status 1
	Command being timed: "/home/ts/wt/openhcs-s1-installed-parent-20261001/.venv/bin/python -m agent_comms.debt_ratchet --root openhcs --base 0c0563e6538af313345391f2dc314270a86933a0 --head 63ad7c652"
	User time (seconds): 0.45
	System time (seconds): 0.04
	Percent of CPU this job got: 94%
	Elapsed (wall clock) time (h:mm:ss or m:ss): 0:00.52
	Average shared text size (kbytes): 0
	Average unshared data size (kbytes): 0
	Average stack size (kbytes): 0
	Average total size (kbytes): 0
	Maximum resident set size (kbytes): 32640
	Average resident set size (kbytes): 0
	Major (requiring I/O) page faults: 6
	Minor (reclaiming a frame) page faults: 5634
	Voluntary context switches: 78
	Involuntary context switches: 6
	Swaps: 0
	File system inputs: 1520
	File system outputs: 2096
	Socket messages sent: 0
	Socket messages received: 0
	Signals delivered: 0
	Page size (bytes): 4096
	Exit status: 1
