Running as unit: run-p842680-i13393374.scope; invocation ID: 5131522ed8314e50b3c859baabb28a67
Traceback (most recent call last):
  File "<frozen runpy>", line 189, in _run_module_as_main
  File "<frozen runpy>", line 112, in _get_module_details
  File "/home/ts/.cache/uv/archive-v0/E-EBIFdHrL_Wo3vh/agent_comms/__init__.py", line 5, in <module>
    from .exporting import (
  File "/home/ts/.cache/uv/archive-v0/E-EBIFdHrL_Wo3vh/agent_comms/exporting.py", line 20, in <module>
    from .catalog_store import ChannelCatalog
  File "/home/ts/.cache/uv/archive-v0/E-EBIFdHrL_Wo3vh/agent_comms/catalog_store.py", line 11, in <module>
    from .catalog_document import CatalogDocument
  File "/home/ts/.cache/uv/archive-v0/E-EBIFdHrL_Wo3vh/agent_comms/catalog_document.py", line 10, in <module>
    from .channels import Channel, SavedView, ViewPredicate
  File "/home/ts/.cache/uv/archive-v0/E-EBIFdHrL_Wo3vh/agent_comms/channels.py", line 11, in <module>
    from .declared_family import DeclaredFamily
  File "/home/ts/.cache/uv/archive-v0/E-EBIFdHrL_Wo3vh/agent_comms/declared_family.py", line 9, in <module>
    from metaclass_registry import AutoRegisterMeta, RegistryConfig  # type: ignore[import-untyped]
    ^^^^^^^^^^^^^^^^^^^^^^^^^^^^^^^^^^^^^^^^^^^^^^^^^^^^^^^^^^^^^^^
ModuleNotFoundError: No module named 'metaclass_registry'
Command exited with non-zero status 1
	Command being timed: "/home/ts/.agent-comms/.venv/bin/python -m agent_comms.debt_ratchet --root openhcs --base 0c0563e6538af313345391f2dc314270a86933a0 --head 63ad7c652"
	User time (seconds): 0.04
	System time (seconds): 0.01
	Percent of CPU this job got: 90%
	Elapsed (wall clock) time (h:mm:ss or m:ss): 0:00.06
	Average shared text size (kbytes): 0
	Average unshared data size (kbytes): 0
	Average stack size (kbytes): 0
	Average total size (kbytes): 0
	Maximum resident set size (kbytes): 21796
	Average resident set size (kbytes): 0
	Major (requiring I/O) page faults: 0
	Minor (reclaiming a frame) page faults: 2829
	Voluntary context switches: 17
	Involuntary context switches: 0
	Swaps: 0
	File system inputs: 432
	File system outputs: 248
	Socket messages sent: 0
	Socket messages received: 0
	Signals delivered: 0
	Page size (bytes): 4096
	Exit status: 1
