Running as unit: run-p845313-i13401382.scope; invocation ID: 9876ef16563241b4bd80f95bc95374fd
Traceback (most recent call last):
  File "<frozen runpy>", line 198, in _run_module_as_main
  File "<frozen runpy>", line 88, in _run_code
  File "/home/ts/wt/openhcs-cp-aligned-materialization-20261001/scripts/check_refactor_r1.py", line 27, in <module>
    from nominal_refactor_advisor.detectors import (
ImportError: cannot import name 'RedundantTypeCheckDetector' from 'nominal_refactor_advisor.detectors' (/home/ts/code/projects/nominal-refactor-advisor/nominal_refactor_advisor/detectors/__init__.py)
Command exited with non-zero status 1
	Command being timed: "/home/ts/code/projects/nominal-refactor-advisor/.venv/bin/python -m scripts.check_refactor_r1 --base 0c0563e6538af313345391f2dc314270a86933a0 --head 63ad7c652 --scratch-root /home/ts/.cache/agent-scratch/h003g-runtime-repair-r1-20261001 --budget-seconds 60"
	User time (seconds): 1.10
	System time (seconds): 0.06
	Percent of CPU this job got: 48%
	Elapsed (wall clock) time (h:mm:ss or m:ss): 0:02.37
	Average shared text size (kbytes): 0
	Average unshared data size (kbytes): 0
	Average stack size (kbytes): 0
	Average total size (kbytes): 0
	Maximum resident set size (kbytes): 61004
	Average resident set size (kbytes): 0
	Major (requiring I/O) page faults: 0
	Minor (reclaiming a frame) page faults: 13061
	Voluntary context switches: 100
	Involuntary context switches: 428
	Swaps: 0
	File system inputs: 2000
	File system outputs: 40
	Socket messages sent: 0
	Socket messages received: 0
	Signals delivered: 0
	Page size (bytes): 4096
	Exit status: 1
