/home/ts/code/projects/openhcs/.venv/lib/python3.12/site-packages/skimage/filters/rank/generic.py:332: UserWarning: Bad rank filter performance is expected due to a large number of bins (9216), equivalent to an approximate bitdepth of 13.2.
  image, footprint, out, mask, n_bins = _preprocess_input(
Validated retained genuine native batches.
OpenHCS batch -1 starting.
concurrent.futures.process._RemoteTraceback: 
"""
Traceback (most recent call last):
  File "/home/ts/.local/share/uv/python/cpython-3.12.14-linux-x86_64-gnu/lib/python3.12/multiprocessing/queues.py", line 264, in _feed
    obj = _ForkingPickler.dumps(obj)
          ^^^^^^^^^^^^^^^^^^^^^^^^^^
  File "/home/ts/.local/share/uv/python/cpython-3.12.14-linux-x86_64-gnu/lib/python3.12/multiprocessing/reduction.py", line 51, in dumps
    cls(buf, protocol).dump(obj)
_pickle.PicklingError: Can't pickle <function _saved_output_equivalence at 0x7f4134fa4680>: attribute lookup _saved_output_equivalence on __main__ failed
"""

The above exception was the direct cause of the following exception:

Traceback (most recent call last):
  File "<string>", line 1, in <module>
  File "<frozen runpy>", line 229, in run_module
  File "<frozen runpy>", line 88, in _run_code
  File "/home/ts/code/projects/openhcs-cohort-qualification-main429-20261002/benchmark/matched_cellprofiler_batch.py", line 1880, in <module>
    raise SystemExit(main())
                     ^^^^^^
  File "/home/ts/code/projects/openhcs-cohort-qualification-main429-20261002/benchmark/matched_cellprofiler_batch.py", line 1133, in main
    _run_case(case_args, client)
  File "/home/ts/code/projects/openhcs-cohort-qualification-main429-20261002/benchmark/matched_cellprofiler_batch.py", line 1683, in _run_case
    comparisons = tuple(executor.map(operator.call, comparison_tasks))
                  ^^^^^^^^^^^^^^^^^^^^^^^^^^^^^^^^^^^^^^^^^^^^^^^^^^^^
  File "/home/ts/.local/share/uv/python/cpython-3.12.14-linux-x86_64-gnu/lib/python3.12/concurrent/futures/process.py", line 636, in _chain_from_iterable_of_lists
    for element in iterable:
                   ^^^^^^^^
  File "/home/ts/.local/share/uv/python/cpython-3.12.14-linux-x86_64-gnu/lib/python3.12/concurrent/futures/_base.py", line 619, in result_iterator
    yield _result_or_cancel(fs.pop())
          ^^^^^^^^^^^^^^^^^^^^^^^^^^^
  File "/home/ts/.local/share/uv/python/cpython-3.12.14-linux-x86_64-gnu/lib/python3.12/concurrent/futures/_base.py", line 317, in _result_or_cancel
    return fut.result(timeout)
           ^^^^^^^^^^^^^^^^^^^
  File "/home/ts/.local/share/uv/python/cpython-3.12.14-linux-x86_64-gnu/lib/python3.12/concurrent/futures/_base.py", line 456, in result
    return self.__get_result()
           ^^^^^^^^^^^^^^^^^^^
  File "/home/ts/.local/share/uv/python/cpython-3.12.14-linux-x86_64-gnu/lib/python3.12/concurrent/futures/_base.py", line 401, in __get_result
    raise self._exception
  File "/home/ts/.local/share/uv/python/cpython-3.12.14-linux-x86_64-gnu/lib/python3.12/multiprocessing/queues.py", line 264, in _feed
    obj = _ForkingPickler.dumps(obj)
          ^^^^^^^^^^^^^^^^^^^^^^^^^^
  File "/home/ts/.local/share/uv/python/cpython-3.12.14-linux-x86_64-gnu/lib/python3.12/multiprocessing/reduction.py", line 51, in dumps
    cls(buf, protocol).dump(obj)
_pickle.PicklingError: Can't pickle <function _saved_output_equivalence at 0x7f4134fa4680>: attribute lookup _saved_output_equivalence on __main__ failed
